Product: MDK-ARM Lite 5.10
Component: ARM Compiler 5.04 update 1 (build 49)
Tool: armlink [5040049]

==============================================================================

Section Cross References

    main.o(.text) refers to system_stm32f4xx.o(.text) for SystemCoreClockUpdate
    main.o(.text) refers to sys.o(.text) for SysLoop
    main.o(.text) refers to system_stm32f4xx.o(.data) for SystemCoreClock
    tm_stm32f4_lis302dl_lis3dsh.o(.text) refers to tm_stm32f4_spi.o(.text) for TM_SPI_Send
    tm_stm32f4_lis302dl_lis3dsh.o(.text) refers to stm32f4xx_rcc.o(.text) for RCC_AHB1PeriphClockCmd
    tm_stm32f4_lis302dl_lis3dsh.o(.text) refers to stm32f4xx_gpio.o(.text) for GPIO_Init
    tm_stm32f4_lis302dl_lis3dsh.o(.text) refers to tm_stm32f4_lis302dl_lis3dsh.o(.data) for initialized
    tm_stm32f4_spi.o(.text) refers to stm32f4xx_rcc.o(.text) for RCC_AHB1PeriphClockCmd
    tm_stm32f4_spi.o(.text) refers to stm32f4xx_gpio.o(.text) for GPIO_Init
    tm_stm32f4_spi.o(.text) refers to stm32f4xx_spi.o(.text) for SPI_StructInit
    as504x.o(.text) refers to stm32f4xx_rcc.o(.text) for RCC_AHB1PeriphClockCmd
    as504x.o(.text) refers to stm32f4xx_gpio.o(.text) for GPIO_Init
    lsm9ds0.o(.text) refers to tm_stm32f4_spi.o(.text) for TM_SPI_Send
    lsm9ds0.o(.text) refers to stm32f4xx_rcc.o(.text) for RCC_AHB1PeriphClockCmd
    lsm9ds0.o(.text) refers to stm32f4xx_gpio.o(.text) for GPIO_Init
    lsm9ds0.o(.text) refers to lsm9ds0.o(.data) for LMS_Device_Defaults
    sys.o(.text) refers to powf.o(i.__hardfp_powf) for __hardfp_powf
    sys.o(.text) refers to sqrtf_full.o(i.__hardfp_sqrtf) for __hardfp_sqrtf
    sys.o(.text) refers to atan2f.o(i.__hardfp_atan2f) for __hardfp_atan2f
    sys.o(.text) refers to copysignf.o(i.__hardfp_copysignf) for __hardfp_copysignf
    sys.o(.text) refers to lsm9ds0.o(.text) for LSM9DS0_readAccel
    sys.o(.text) refers to f2d.o(.text) for __aeabi_f2d
    sys.o(.text) refers to fabs.o(i.__hardfp_fabs) for __hardfp_fabs
    sys.o(.text) refers to cdrcmple.o(.text) for __aeabi_cdrcmple
    sys.o(.text) refers to sys.o(.bss) for Sys
    sys.o(.text) refers to printfa.o(i.__0printf) for __2printf
    sys.o(.text) refers to mc339xx.o(.text) for Init_Dual_MC339xx
    sys.o(.text) refers to arm_pid_init_f32.o(.text) for arm_pid_init_f32
    sys.o(.text) refers to arm_pid_reset_f32.o(.text) for arm_pid_reset_f32
    mc339xx.o(.text) refers to stm32f4xx_rcc.o(.text) for RCC_AHB1PeriphClockCmd
    mc339xx.o(.text) refers to stm32f4xx_gpio.o(.text) for GPIO_PinAFConfig
    mc339xx.o(.text) refers to stm32f4xx_tim.o(.text) for TIM_TimeBaseInit
    system_stm32f4xx.o(.text) refers to system_stm32f4xx.o(.data) for SystemCoreClock
    startup_stm32f40_41xxx.o(RESET) refers to startup_stm32f40_41xxx.o(STACK) for __initial_sp
    startup_stm32f40_41xxx.o(RESET) refers to startup_stm32f40_41xxx.o(.text) for Reset_Handler
    startup_stm32f40_41xxx.o(RESET) refers to sys.o(.text) for SysTick_Handler
    startup_stm32f40_41xxx.o(.text) refers to system_stm32f4xx.o(.text) for SystemInit
    startup_stm32f40_41xxx.o(.text) refers to entry.o(.ARM.Collect$$$$00000000) for __main
    stm32f4xx_gpio.o(.text) refers to stm32f4xx_rcc.o(.text) for RCC_AHB1PeriphResetCmd
    stm32f4xx_rcc.o(.text) refers to stm32f4xx_rcc.o(.data) for APBAHBPrescTable
    stm32f4xx_syscfg.o(.text) refers to stm32f4xx_rcc.o(.text) for RCC_APB2PeriphResetCmd
    stm32f4xx_adc.o(.text) refers to stm32f4xx_rcc.o(.text) for RCC_APB2PeriphResetCmd
    stm32f4xx_rng.o(.text) refers to stm32f4xx_rcc.o(.text) for RCC_AHB2PeriphResetCmd
    stm32f4xx_spi.o(.text) refers to stm32f4xx_rcc.o(.text) for RCC_APB2PeriphResetCmd
    stm32f4xx_tim.o(.text) refers to stm32f4xx_rcc.o(.text) for RCC_APB2PeriphResetCmd
    atan2f.o(i.__hardfp_atan2f) refers (Special) to iusefp.o(.text) for __I$use$fp
    atan2f.o(i.__hardfp_atan2f) refers to fpclassifyf.o(i.__ARM_fpclassifyf) for __ARM_fpclassifyf
    atan2f.o(i.__hardfp_atan2f) refers to funder.o(i.__mathlib_flt_underflow) for __mathlib_flt_underflow
    atan2f.o(i.__softfp_atan2f) refers (Special) to iusefp.o(.text) for __I$use$fp
    atan2f.o(i.__softfp_atan2f) refers to atan2f.o(i.__hardfp_atan2f) for __hardfp_atan2f
    atan2f.o(i.atan2f) refers (Special) to iusefp.o(.text) for __I$use$fp
    atan2f.o(i.atan2f) refers to atan2f.o(i.__hardfp_atan2f) for __hardfp_atan2f
    atan2f_x.o(i.____hardfp_atan2f$lsc) refers (Special) to iusefp.o(.text) for __I$use$fp
    atan2f_x.o(i.____hardfp_atan2f$lsc) refers to errno.o(i.__set_errno) for __set_errno
    atan2f_x.o(i.____softfp_atan2f$lsc) refers (Special) to iusefp.o(.text) for __I$use$fp
    atan2f_x.o(i.____softfp_atan2f$lsc) refers to atan2f_x.o(i.____hardfp_atan2f$lsc) for ____hardfp_atan2f$lsc
    atan2f_x.o(i.__atan2f$lsc) refers (Special) to iusefp.o(.text) for __I$use$fp
    atan2f_x.o(i.__atan2f$lsc) refers to atan2f_x.o(i.____hardfp_atan2f$lsc) for ____hardfp_atan2f$lsc
[...]
    printf4.o(i.__0printf$4) refers to stdout.o(.data) for __stdout
    printf4.o(i.__0snprintf$4) refers to printf4.o(i._printf_core) for _printf_core
    printf4.o(i.__0snprintf$4) refers to printf4.o(i._snputc) for _snputc
    printf4.o(i.__0sprintf$4) refers to printf4.o(i._printf_core) for _printf_core
    printf4.o(i.__0sprintf$4) refers to printf4.o(i._sputc) for _sputc
    printf4.o(i.__0vfprintf$4) refers to printf4.o(i._printf_core) for _printf_core
    printf4.o(i.__0vfprintf$4) refers to fputc_def.o(.text) for fputc
    printf4.o(i.__0vprintf$4) refers to printf4.o(i._printf_core) for _printf_core
    printf4.o(i.__0vprintf$4) refers to fputc_def.o(.text) for fputc
    printf4.o(i.__0vprintf$4) refers to stdout.o(.data) for __stdout
    printf4.o(i.__0vsnprintf$4) refers to printf4.o(i._printf_core) for _printf_core
    printf4.o(i.__0vsnprintf$4) refers to printf4.o(i._snputc) for _snputc
    printf4.o(i.__0vsprintf$4) refers to printf4.o(i._printf_core) for _printf_core
    printf4.o(i.__0vsprintf$4) refers to printf4.o(i._sputc) for _sputc
    printf4.o(i._printf_core) refers to uldiv.o(.text) for __aeabi_uldivmod
    printf5.o(i.__0fprintf$5) refers to printf5.o(i._printf_core) for _printf_core
    printf5.o(i.__0fprintf$5) refers to fputc_def.o(.text) for fputc
    printf5.o(i.__0printf$5) refers to printf5.o(i._printf_core) for _printf_core
    printf5.o(i.__0printf$5) refers to fputc_def.o(.text) for fputc
    printf5.o(i.__0printf$5) refers to stdout.o(.data) for __stdout
    printf5.o(i.__0snprintf$5) refers to printf5.o(i._printf_core) for _printf_core
    printf5.o(i.__0snprintf$5) refers to printf5.o(i._snputc) for _snputc
    printf5.o(i.__0sprintf$5) refers to printf5.o(i._printf_core) for _printf_core
    printf5.o(i.__0sprintf$5) refers to printf5.o(i._sputc) for _sputc
    printf5.o(i.__0vfprintf$5) refers to printf5.o(i._printf_core) for _printf_core
    printf5.o(i.__0vfprintf$5) refers to fputc_def.o(.text) for fputc
    printf5.o(i.__0vprintf$5) refers to printf5.o(i._printf_core) for _printf_core
    printf5.o(i.__0vprintf$5) refers to fputc_def.o(.text) for fputc
    printf5.o(i.__0vprintf$5) refers to stdout.o(.data) for __stdout
    printf5.o(i.__0vsnprintf$5) refers to printf5.o(i._printf_core) for _printf_core
    printf5.o(i.__0vsnprintf$5) refers to printf5.o(i._snputc) for _snputc
    printf5.o(i.__0vsprintf$5) refers to printf5.o(i._printf_core) for _printf_core
    printf5.o(i.__0vsprintf$5) refers to printf5.o(i._sputc) for _sputc
    printf5.o(i._printf_core) refers to uldiv.o(.text) for __aeabi_uldivmod
    printf6.o(i.__0fprintf$6) refers to printf6.o(i._printf_core) for _printf_core
    printf6.o(i.__0fprintf$6) refers to fputc_def.o(.text) for fputc
    printf6.o(i.__0printf$6) refers to printf6.o(i._printf_core) for _printf_core
    printf6.o(i.__0printf$6) refers to fputc_def.o(.text) for fputc
    printf6.o(i.__0printf$6) refers to stdout.o(.data) for __stdout
    printf6.o(i.__0snprintf$6) refers to printf6.o(i._printf_core) for _printf_core
    printf6.o(i.__0snprintf$6) refers to printf6.o(i._snputc) for _snputc
    printf6.o(i.__0sprintf$6) refers to printf6.o(i._printf_core) for _printf_core
    printf6.o(i.__0sprintf$6) refers to printf6.o(i._sputc) for _sputc
    printf6.o(i.__0vfprintf$6) refers to printf6.o(i._printf_core) for _printf_core
    printf6.o(i.__0vfprintf$6) refers to fputc_def.o(.text) for fputc
    printf6.o(i.__0vprintf$6) refers to printf6.o(i._printf_core) for _printf_core
    printf6.o(i.__0vprintf$6) refers to fputc_def.o(.text) for fputc
    printf6.o(i.__0vprintf$6) refers to stdout.o(.data) for __stdout
    printf6.o(i.__0vsnprintf$6) refers to printf6.o(i._printf_core) for _printf_core
    printf6.o(i.__0vsnprintf$6) refers to printf6.o(i._snputc) for _snputc
    printf6.o(i.__0vsprintf$6) refers to printf6.o(i._printf_core) for _printf_core
    printf6.o(i.__0vsprintf$6) refers to printf6.o(i._sputc) for _sputc
    printf6.o(i._printf_core) refers to printf6.o(i._printf_pre_padding) for _printf_pre_padding
    printf6.o(i._printf_core) refers to uidiv.o(.text) for __aeabi_uidivmod
    printf6.o(i._printf_core) refers to printf6.o(i._printf_post_padding) for _printf_post_padding
    printf7.o(i.__0fprintf$7) refers to printf7.o(i._printf_core) for _printf_core
    printf7.o(i.__0fprintf$7) refers to fputc_def.o(.text) for fputc
    printf7.o(i.__0printf$7) refers to printf7.o(i._printf_core) for _printf_core
    printf7.o(i.__0printf$7) refers to fputc_def.o(.text) for fputc
    printf7.o(i.__0printf$7) refers to stdout.o(.data) for __stdout
    printf7.o(i.__0snprintf$7) refers to printf7.o(i._printf_core) for _printf_core
    printf7.o(i.__0snprintf$7) refers to printf7.o(i._snputc) for _snputc
    printf7.o(i.__0sprintf$7) refers to printf7.o(i._printf_core) for _printf_core
    printf7.o(i.__0sprintf$7) refers to printf7.o(i._sputc) for _sputc
    printf7.o(i.__0vfprintf$7) refers to printf7.o(i._printf_core) for _printf_core
    printf7.o(i.__0vfprintf$7) refers to fputc_def.o(.text) for fputc
    printf7.o(i.__0vprintf$7) refers to printf7.o(i._printf_core) for _printf_core
    printf7.o(i.__0vprintf$7) refers to fputc_def.o(.text) for fputc
    printf7.o(i.__0vprintf$7) refers to stdout.o(.data) for __stdout
    printf7.o(i.__0vsnprintf$7) refers to printf7.o(i._printf_core) for _printf_core
    printf7.o(i.__0vsnprintf$7) refers to printf7.o(i._snputc) for _snputc
    printf7.o(i.__0vsprintf$7) refers to printf7.o(i._printf_core) for _printf_core
    printf7.o(i.__0vsprintf$7) refers to printf7.o(i._sputc) for _sputc
    printf7.o(i._printf_core) refers to printf7.o(i._printf_pre_padding) for _printf_pre_padding
    printf7.o(i._printf_core) refers to uldiv.o(.text) for __aeabi_uldivmod
    printf7.o(i._printf_core) refers to printf7.o(i._printf_post_padding) for _printf_post_padding
    printf8.o(i.__0fprintf$8) refers to printf8.o(i._printf_core) for _printf_core
    printf8.o(i.__0fprintf$8) refers to fputc_def.o(.text) for fputc
    printf8.o(i.__0printf$8) refers to printf8.o(i._printf_core) for _printf_core
    printf8.o(i.__0printf$8) refers to fputc_def.o(.text) for fputc
    printf8.o(i.__0printf$8) refers to stdout.o(.data) for __stdout
    printf8.o(i.__0snprintf$8) refers to printf8.o(i._printf_core) for _printf_core
    printf8.o(i.__0snprintf$8) refers to printf8.o(i._snputc) for _snputc
    printf8.o(i.__0sprintf$8) refers to printf8.o(i._printf_core) for _printf_core
    printf8.o(i.__0sprintf$8) refers to printf8.o(i._sputc) for _sputc
    printf8.o(i.__0vfprintf$8) refers to printf8.o(i._printf_core) for _printf_core
    printf8.o(i.__0vfprintf$8) refers to fputc_def.o(.text) for fputc
    printf8.o(i.__0vprintf$8) refers to printf8.o(i._printf_core) for _printf_core
    printf8.o(i.__0vprintf$8) refers to fputc_def.o(.text) for fputc
    printf8.o(i.__0vprintf$8) refers to stdout.o(.data) for __stdout
    printf8.o(i.__0vsnprintf$8) refers to printf8.o(i._printf_core) for _printf_core
    printf8.o(i.__0vsnprintf$8) refers to printf8.o(i._snputc) for _snputc
    printf8.o(i.__0vsprintf$8) refers to printf8.o(i._printf_core) for _printf_core
    printf8.o(i.__0vsprintf$8) refers to printf8.o(i._sputc) for _sputc
    printf8.o(i._printf_core) refers to printf8.o(i._printf_pre_padding) for _printf_pre_padding
    printf8.o(i._printf_core) refers to uldiv.o(.text) for __aeabi_uldivmod
    printf8.o(i._printf_core) refers to printf8.o(i._printf_post_padding) for _printf_post_padding
    printfa.o(i.__0fprintf) refers (Special) to iusefp.o(.text) for __I$use$fp
    printfa.o(i.__0fprintf) refers to printfa.o(i._printf_core) for _printf_core
    printfa.o(i.__0fprintf) refers to fputc_def.o(.text) for fputc
    printfa.o(i.__0printf) refers (Special) to iusefp.o(.text) for __I$use$fp
    printfa.o(i.__0printf) refers to printfa.o(i._printf_core) for _printf_core
    printfa.o(i.__0printf) refers to fputc_def.o(.text) for fputc
    printfa.o(i.__0printf) refers to stdout.o(.data) for __stdout
    printfa.o(i.__0snprintf) refers (Special) to iusefp.o(.text) for __I$use$fp
    printfa.o(i.__0snprintf) refers to printfa.o(i._printf_core) for _printf_core
    printfa.o(i.__0snprintf) refers to printfa.o(i._snputc) for _snputc
    printfa.o(i.__0sprintf) refers (Special) to iusefp.o(.text) for __I$use$fp
    printfa.o(i.__0sprintf) refers to printfa.o(i._printf_core) for _printf_core
    printfa.o(i.__0sprintf) refers to printfa.o(i._sputc) for _sputc
    printfa.o(i.__0vfprintf) refers (Special) to iusefp.o(.text) for __I$use$fp
    printfa.o(i.__0vfprintf) refers to printfa.o(i._printf_core) for _printf_core
    printfa.o(i.__0vfprintf) refers to fputc_def.o(.text) for fputc
    printfa.o(i.__0vprintf) refers (Special) to iusefp.o(.text) for __I$use$fp
    printfa.o(i.__0vprintf) refers to printfa.o(i._printf_core) for _printf_core
    printfa.o(i.__0vprintf) refers to fputc_def.o(.text) for fputc
    printfa.o(i.__0vprintf) refers to stdout.o(.data) for __stdout
    printfa.o(i.__0vsnprintf) refers (Special) to iusefp.o(.text) for __I$use$fp
    printfa.o(i.__0vsnprintf) refers to printfa.o(i._printf_core) for _printf_core
    printfa.o(i.__0vsnprintf) refers to printfa.o(i._snputc) for _snputc
    printfa.o(i.__0vsprintf) refers (Special) to iusefp.o(.text) for __I$use$fp
    printfa.o(i.__0vsprintf) refers to printfa.o(i._printf_core) for _printf_core
    printfa.o(i.__0vsprintf) refers to printfa.o(i._sputc) for _sputc
    printfa.o(i._fp_digits) refers (Special) to iusefp.o(.text) for __I$use$fp
    printfa.o(i._fp_digits) refers to dmul.o(.text) for __aeabi_dmul
    printfa.o(i._fp_digits) refers to ddiv.o(.text) for __aeabi_ddiv
    printfa.o(i._fp_digits) refers to cdrcmple.o(.text) for __aeabi_cdrcmple
    printfa.o(i._fp_digits) refers to dadd.o(.text) for __aeabi_dadd
    printfa.o(i._fp_digits) refers to dfixul.o(.text) for __aeabi_d2ulz
    printfa.o(i._fp_digits) refers to uldiv.o(.text) for __aeabi_uldivmod
    printfa.o(i._printf_core) refers (Special) to iusefp.o(.text) for __I$use$fp
    printfa.o(i._printf_core) refers to printfa.o(i._printf_pre_padding) for _printf_pre_padding
    printfa.o(i._printf_core) refers to uldiv.o(.text) for __aeabi_uldivmod
    printfa.o(i._printf_core) refers to printfa.o(i._printf_post_padding) for _printf_post_padding
    printfa.o(i._printf_core) refers to printfa.o(i._fp_digits) for _fp_digits
    printfa.o(i._printf_core) refers to uidiv.o(.text) for __aeabi_uidivmod
    printfa.o(i._printf_post_padding) refers (Special) to iusefp.o(.text) for __I$use$fp
    printfa.o(i._printf_pre_padding) refers (Special) to iusefp.o(.text) for __I$use$fp
    printfa.o(i._snputc) refers (Special) to iusefp.o(.text) for __I$use$fp
    printfa.o(i._sputc) refers (Special) to iusefp.o(.text) for __I$use$fp
    f2d.o(.text) refers (Special) to iusefp.o(.text) for __I$use$fp
    cdrcmple.o(.text) refers (Special) to iusefp.o(.text) for __I$use$fp
    fpclassifyf.o(i.__ARM_fpclassifyf) refers (Special) to iusefp.o(.text) for __I$use$fp
    entry2.o(.ARM.Collect$$$$00000001) refers to entry2.o(.ARM.Collect$$$$00002712) for __lit__00000000
    entry2.o(.ARM.Collect$$$$00002712) refers to startup_stm32f40_41xxx.o(STACK) for __initial_sp
    entry2.o(__vectab_stack_and_reset_area) refers to startup_stm32f40_41xxx.o(STACK) for __initial_sp
    entry2.o(__vectab_stack_and_reset_area) refers to entry.o(.ARM.Collect$$$$00000000) for __main
    entry5.o(.ARM.Collect$$$$00000004) refers to init.o(.text) for __scatterload
    entry9a.o(.ARM.Collect$$$$0000000B) refers to main.o(.text) for main
    entry9b.o(.ARM.Collect$$$$0000000C) refers to main.o(.text) for main
    uldiv.o(.text) refers to llushr.o(.text) for __aeabi_llsr
    uldiv.o(.text) refers to llshl.o(.text) for __aeabi_llsl
    errno.o(i.__aeabi_errno_addr) refers to errno.o(.data) for .data
    errno.o(i.__read_errno) refers to errno.o(.data) for .data
    errno.o(i.__set_errno) refers to errno.o(.data) for .data
    dadd.o(.text) refers to llshl.o(.text) for __aeabi_llsl
    dadd.o(.text) refers to llsshr.o(.text) for __aeabi_lasr
    dadd.o(.text) refers to depilogue.o(.text) for _double_epilogue
    dmul.o(.text) refers to depilogue.o(.text) for _double_epilogue
    ddiv.o(.text) refers to depilogue.o(.text) for _double_round
    dfixul.o(.text) refers to llushr.o(.text) for __aeabi_llsr
    dfixul.o(.text) refers to llshl.o(.text) for __aeabi_llsl
    d2f.o(.text) refers to fepilogue.o(.text) for _float_round
    init.o(.text) refers to entry5.o(.ARM.Collect$$$$00000004) for __main_after_scatterload
    depilogue.o(.text) refers to llshl.o(.text) for __aeabi_llsl
    depilogue.o(.text) refers to llushr.o(.text) for __aeabi_llsr
    copysignf.o(i.copysignf) refers (Special) to iusefp.o(.text) for __I$use$fp


==============================================================================

Removing Unused input sections from the image.

    Removing fputc_def.o(.rev16_text), (4 bytes).
    Removing fputc_def.o(.revsh_text), (4 bytes).
    Removing main.o(.rev16_text), (4 bytes).
    Removing main.o(.revsh_text), (4 bytes).
    Removing main.o(.bss), (200 bytes).
    Removing main.o(.data), (8 bytes).
    Removing tm_stm32f4_lis302dl_lis3dsh.o(.rev16_text), (4 bytes).
    Removing tm_stm32f4_lis302dl_lis3dsh.o(.revsh_text), (4 bytes).
    Removing tm_stm32f4_lis302dl_lis3dsh.o(.text), (952 bytes).
    Removing tm_stm32f4_lis302dl_lis3dsh.o(.data), (9 bytes).
    Removing tm_stm32f4_spi.o(.rev16_text), (4 bytes).
    Removing tm_stm32f4_spi.o(.revsh_text), (4 bytes).
    Removing as504x.o(.rev16_text), (4 bytes).
    Removing as504x.o(.revsh_text), (4 bytes).
    Removing as504x.o(.text), (576 bytes).
    Removing lsm9ds0.o(.rev16_text), (4 bytes).
    Removing lsm9ds0.o(.revsh_text), (4 bytes).
    Removing sys.o(.rev16_text), (4 bytes).
    Removing sys.o(.revsh_text), (4 bytes).
    Removing sys.o(.data), (12 bytes).
    Removing mc339xx.o(.rev16_text), (4 bytes).
    Removing mc339xx.o(.revsh_text), (4 bytes).
    Removing system_stm32f4xx.o(.rev16_text), (4 bytes).
    Removing system_stm32f4xx.o(.revsh_text), (4 bytes).
    Removing startup_stm32f40_41xxx.o(HEAP), (32768 bytes).
    Removing misc.o(.rev16_text), (4 bytes).
    Removing misc.o(.revsh_text), (4 bytes).
    Removing misc.o(.text), (224 bytes).
    Removing stm32f4xx_exti.o(.rev16_text), (4 bytes).
    Removing stm32f4xx_exti.o(.revsh_text), (4 bytes).
    Removing stm32f4xx_exti.o(.text), (272 bytes).
    Removing stm32f4xx_gpio.o(.rev16_text), (4 bytes).
    Removing stm32f4xx_gpio.o(.revsh_text), (4 bytes).
    Removing stm32f4xx_rcc.o(.rev16_text), (4 bytes).
    Removing stm32f4xx_rcc.o(.revsh_text), (4 bytes).
    Removing stm32f4xx_syscfg.o(.rev16_text), (4 bytes).
    Removing stm32f4xx_syscfg.o(.revsh_text), (4 bytes).
    Removing stm32f4xx_syscfg.o(.text), (148 bytes).
    Removing stm32f4xx_adc.o(.rev16_text), (4 bytes).
    Removing stm32f4xx_adc.o(.revsh_text), (4 bytes).
    Removing stm32f4xx_adc.o(.text), (1124 bytes).
    Removing stm32f4xx_rng.o(.rev16_text), (4 bytes).
    Removing stm32f4xx_rng.o(.revsh_text), (4 bytes).
    Removing stm32f4xx_rng.o(.text), (160 bytes).
    Removing stm32f4xx_spi.o(.rev16_text), (4 bytes).
    Removing stm32f4xx_spi.o(.revsh_text), (4 bytes).
    Removing stm32f4xx_tim.o(.rev16_text), (4 bytes).
    Removing stm32f4xx_tim.o(.revsh_text), (4 bytes).
    Removing arm_pid_init_f32.o(.rev16_text), (4 bytes).
    Removing arm_pid_init_f32.o(.revsh_text), (4 bytes).
    Removing arm_pid_reset_f32.o(.rev16_text), (4 bytes).
    Removing arm_pid_reset_f32.o(.revsh_text), (4 bytes).
    Removing fpstat.o(.text), (4 bytes).

53 unused section(s) (total 36617 bytes) removed from the image.

==============================================================================

Image Symbol Table

    Local Symbols

    Symbol Name                              Value     Ov Type        Size  Object(Section)

    ../clib/microlib/division.c              0x00000000   Number         0  uidiv.o ABSOLUTE
    ../clib/microlib/division.c              0x00000000   Number         0  uldiv.o ABSOLUTE
    ../clib/microlib/errno.c                 0x00000000   Number         0  errno.o ABSOLUTE
    ../clib/microlib/init/entry.s            0x00000000   Number         0  entry10b.o ABSOLUTE
    ../clib/microlib/init/entry.s            0x00000000   Number         0  entry11a.o ABSOLUTE
    ../clib/microlib/init/entry.s            0x00000000   Number         0  entry7b.o ABSOLUTE
    ../clib/microlib/init/entry.s            0x00000000   Number         0  entry11b.o ABSOLUTE
    ../clib/microlib/init/entry.s            0x00000000   Number         0  entry7a.o ABSOLUTE
    ../clib/microlib/init/entry.s            0x00000000   Number         0  entry5.o ABSOLUTE
    ../clib/microlib/init/entry.s            0x00000000   Number         0  entry2.o ABSOLUTE
    ../clib/microlib/init/entry.s            0x00000000   Number         0  entry.o ABSOLUTE
    ../clib/microlib/init/entry.s            0x00000000   Number         0  entry8b.o ABSOLUTE
    ../clib/microlib/init/entry.s            0x00000000   Number         0  entry9a.o ABSOLUTE
    ../clib/microlib/init/entry.s            0x00000000   Number         0  entry9b.o ABSOLUTE
    ../clib/microlib/init/entry.s            0x00000000   Number         0  entry8a.o ABSOLUTE
    ../clib/microlib/init/entry.s            0x00000000   Number         0  entry10a.o ABSOLUTE
    ../clib/microlib/longlong.c              0x00000000   Number         0  llushr.o ABSOLUTE
    ../clib/microlib/longlong.c              0x00000000   Number         0  llsshr.o ABSOLUTE
    ../clib/microlib/longlong.c              0x00000000   Number         0  llshl.o ABSOLUTE
    ../clib/microlib/printf/printf.c         0x00000000   Number         0  printf4.o ABSOLUTE
    ../clib/microlib/printf/printf.c         0x00000000   Number         0  printf8.o ABSOLUTE
    ../clib/microlib/printf/printf.c         0x00000000   Number         0  printf5.o ABSOLUTE
    ../clib/microlib/printf/printf.c         0x00000000   Number         0  printfa.o ABSOLUTE
    ../clib/microlib/printf/printf.c         0x00000000   Number         0  printf6.o ABSOLUTE
    ../clib/microlib/printf/printf.c         0x00000000   Number         0  printf7.o ABSOLUTE
    ../clib/microlib/printf/printf.c         0x00000000   Number         0  printf3.o ABSOLUTE
    ../clib/microlib/printf/printf.c         0x00000000   Number         0  printfb.o ABSOLUTE
    ../clib/microlib/printf/printf.c         0x00000000   Number         0  printf0.o ABSOLUTE
    ../clib/microlib/printf/printf.c         0x00000000   Number         0  printf1.o ABSOLUTE
    ../clib/microlib/printf/printf.c         0x00000000   Number         0  printf2.o ABSOLUTE
    ../clib/microlib/printf/stubs.s          0x00000000   Number         0  stubs.o ABSOLUTE
    ../clib/microlib/stdio/streams.c         0x00000000   Number         0  stdout.o ABSOLUTE
    ../clib/microlib/stdlib/abort.c          0x00000000   Number         0  abort.o ABSOLUTE
    ../clib/microlib/stubs.s                 0x00000000   Number         0  iusefp.o ABSOLUTE
    ../fplib/microlib/d2f.c                  0x00000000   Number         0  d2f.o ABSOLUTE
    ../fplib/microlib/f2d.c                  0x00000000   Number         0  f2d.o ABSOLUTE
    ../fplib/microlib/fpadd.c                0x00000000   Number         0  dadd.o ABSOLUTE
    ../fplib/microlib/fpdiv.c                0x00000000   Number         0  ddiv.o ABSOLUTE
    ../fplib/microlib/fpepilogue.c           0x00000000   Number         0  fepilogue.o ABSOLUTE
    ../fplib/microlib/fpepilogue.c           0x00000000   Number         0  depilogue.o ABSOLUTE
    ../fplib/microlib/fpfix.c                0x00000000   Number         0  dfixul.o ABSOLUTE
    ../fplib/microlib/fpmul.c                0x00000000   Number         0  dmul.o ABSOLUTE
    ../fplib/microlib/fpstat.c               0x00000000   Number         0  fpstat.o ABSOLUTE
    ../mathlib/atan2f.c                      0x00000000   Number         0  atan2f_x.o ABSOLUTE
    ../mathlib/atan2f.c                      0x00000000   Number         0  atan2f.o ABSOLUTE
    ../mathlib/copysign.c                    0x00000000   Number         0  copysignf.o ABSOLUTE
    ../mathlib/fabs.c                        0x00000000   Number         0  fabs.o ABSOLUTE
    ../mathlib/fpclassifyf.c                 0x00000000   Number         0  fpclassifyf.o ABSOLUTE
    ../mathlib/funder.c                      0x00000000   Number         0  funder.o ABSOLUTE
    ../mathlib/powf.c                        0x00000000   Number         0  powf_x.o ABSOLUTE
    ../mathlib/powf.c                        0x00000000   Number         0  powf.o ABSOLUTE
    ../mathlib/sqrtf.c                       0x00000000   Number         0  sqrtf_full.o ABSOLUTE
    ../mathlib/sqrtf.c                       0x00000000   Number         0  sqrtf_full_x.o ABSOLUTE
    ..\ControllerFunctions\arm_pid_init_f32.c 0x00000000   Number         0  arm_pid_init_f32.o ABSOLUTE
    ..\ControllerFunctions\arm_pid_reset_f32.c 0x00000000   Number         0  arm_pid_reset_f32.o ABSOLUTE
    ..\\ControllerFunctions\\arm_pid_init_f32.c 0x00000000   Number         0  arm_pid_init_f32.o ABSOLUTE
    ..\\ControllerFunctions\\arm_pid_reset_f32.c 0x00000000   Number         0  arm_pid_reset_f32.o ABSOLUTE
    AS504x.c                                 0x00000000   Number         0  as504x.o ABSOLUTE
    AS504x.c                                 0x00000000   Number         0  as504x.o ABSOLUTE
    C:\Keil_v5\ARM\PACK\Keil\STM32F4xx_DFP\1.0.8\Device\StdPeriph_Driver\src\misc.c 0x00000000   Number         0  misc.o ABSOLUTE
    C:\Keil_v5\ARM\PACK\Keil\STM32F4xx_DFP\1.0.8\Device\StdPeriph_Driver\src\stm32f4xx_adc.c 0x00000000   Number         0  stm32f4xx_adc.o ABSOLUTE
    C:\Keil_v5\ARM\PACK\Keil\STM32F4xx_DFP\1.0.8\Device\StdPeriph_Driver\src\stm32f4xx_exti.c 0x00000000   Number         0  stm32f4xx_exti.o ABSOLUTE
    C:\Keil_v5\ARM\PACK\Keil\STM32F4xx_DFP\1.0.8\Device\StdPeriph_Driver\src\stm32f4xx_gpio.c 0x00000000   Number         0  stm32f4xx_gpio.o ABSOLUTE
    C:\Keil_v5\ARM\PACK\Keil\STM32F4xx_DFP\1.0.8\Device\StdPeriph_Driver\src\stm32f4xx_rcc.c 0x00000000   Number         0  stm32f4xx_rcc.o ABSOLUTE
    C:\Keil_v5\ARM\PACK\Keil\STM32F4xx_DFP\1.0.8\Device\StdPeriph_Driver\src\stm32f4xx_rng.c 0x00000000   Number         0  stm32f4xx_rng.o ABSOLUTE
    C:\Keil_v5\ARM\PACK\Keil\STM32F4xx_DFP\1.0.8\Device\StdPeriph_Driver\src\stm32f4xx_spi.c 0x00000000   Number         0  stm32f4xx_spi.o ABSOLUTE
    C:\Keil_v5\ARM\PACK\Keil\STM32F4xx_DFP\1.0.8\Device\StdPeriph_Driver\src\stm32f4xx_syscfg.c 0x00000000   Number         0  stm32f4xx_syscfg.o ABSOLUTE
    C:\Keil_v5\ARM\PACK\Keil\STM32F4xx_DFP\1.0.8\Device\StdPeriph_Driver\src\stm32f4xx_tim.c 0x00000000   Number         0  stm32f4xx_tim.o ABSOLUTE
    C:\\Keil_v5\\ARM\\PACK\\Keil\\STM32F4xx_DFP\\1.0.8\\Device\\StdPeriph_Driver\\src\\misc.c 0x00000000   Number         0  misc.o ABSOLUTE
    C:\\Keil_v5\\ARM\\PACK\\Keil\\STM32F4xx_DFP\\1.0.8\\Device\\StdPeriph_Driver\\src\\stm32f4xx_adc.c 0x00000000   Number         0  stm32f4xx_adc.o ABSOLUTE
    C:\\Keil_v5\\ARM\\PACK\\Keil\\STM32F4xx_DFP\\1.0.8\\Device\\StdPeriph_Driver\\src\\stm32f4xx_exti.c 0x00000000   Number         0  stm32f4xx_exti.o ABSOLUTE
    C:\\Keil_v5\\ARM\\PACK\\Keil\\STM32F4xx_DFP\\1.0.8\\Device\\StdPeriph_Driver\\src\\stm32f4xx_gpio.c 0x00000000   Number         0  stm32f4xx_gpio.o ABSOLUTE
    C:\\Keil_v5\\ARM\\PACK\\Keil\\STM32F4xx_DFP\\1.0.8\\Device\\StdPeriph_Driver\\src\\stm32f4xx_rcc.c 0x00000000   Number         0  stm32f4xx_rcc.o ABSOLUTE
    C:\\Keil_v5\\ARM\\PACK\\Keil\\STM32F4xx_DFP\\1.0.8\\Device\\StdPeriph_Driver\\src\\stm32f4xx_rng.c 0x00000000   Number         0  stm32f4xx_rng.o ABSOLUTE
    C:\\Keil_v5\\ARM\\PACK\\Keil\\STM32F4xx_DFP\\1.0.8\\Device\\StdPeriph_Driver\\src\\stm32f4xx_spi.c 0x00000000   Number         0  stm32f4xx_spi.o ABSOLUTE
    C:\\Keil_v5\\ARM\\PACK\\Keil\\STM32F4xx_DFP\\1.0.8\\Device\\StdPeriph_Driver\\src\\stm32f4xx_syscfg.c 0x00000000   Number         0  stm32f4xx_syscfg.o ABSOLUTE
    C:\\Keil_v5\\ARM\\PACK\\Keil\\STM32F4xx_DFP\\1.0.8\\Device\\StdPeriph_Driver\\src\\stm32f4xx_tim.c 0x00000000   Number         0  stm32f4xx_tim.o ABSOLUTE
    LSM9DS0.c                                0x00000000   Number         0  lsm9ds0.o ABSOLUTE
    LSM9DS0.c                                0x00000000   Number         0  lsm9ds0.o ABSOLUTE
    MC339xx.c                                0x00000000   Number         0  mc339xx.o ABSOLUTE
    MC339xx.c                                0x00000000   Number         0  mc339xx.o ABSOLUTE
    RTE\Device\STM32F407VG\startup_stm32f40_41xxx.s 0x00000000   Number         0  startup_stm32f40_41xxx.o ABSOLUTE
    RTE\Device\STM32F407VG\system_stm32f4xx.c 0x00000000   Number         0  system_stm32f4xx.o ABSOLUTE
    RTE\\Device\\STM32F407VG\\system_stm32f4xx.c 0x00000000   Number         0  system_stm32f4xx.o ABSOLUTE
    cdrcmple.s                               0x00000000   Number         0  cdrcmple.o ABSOLUTE
    dc.s                                     0x00000000   Number         0  dc.o ABSOLUTE
    fputc_def.c                              0x00000000   Number         0  fputc_def.o ABSOLUTE
    fputc_def.c                              0x00000000   Number         0  fputc_def.o ABSOLUTE
    handlers.s                               0x00000000   Number         0  handlers.o ABSOLUTE
    init.s                                   0x00000000   Number         0  init.o ABSOLUTE
    main.c                                   0x00000000   Number         0  main.o ABSOLUTE
    main.c                                   0x00000000   Number         0  main.o ABSOLUTE
    sys.c                                    0x00000000   Number         0  sys.o ABSOLUTE
    sys.c                                    0x00000000   Number         0  sys.o ABSOLUTE
    tm_stm32f4_lis302dl_lis3dsh.c            0x00000000   Number         0  tm_stm32f4_lis302dl_lis3dsh.o ABSOLUTE
    tm_stm32f4_lis302dl_lis3dsh.c            0x00000000   Number         0  tm_stm32f4_lis302dl_lis3dsh.o ABSOLUTE
    tm_stm32f4_spi.c                         0x00000000   Number         0  tm_stm32f4_spi.o ABSOLUTE
    tm_stm32f4_spi.c                         0x00000000   Number         0  tm_stm32f4_spi.o ABSOLUTE
    RESET                                    0x08000000   Section      392  startup_stm32f40_41xxx.o(RESET)
    .ARM.Collect$$$$00000000                 0x08000188   Section        0  entry.o(.ARM.Collect$$$$00000000)
    .ARM.Collect$$$$00000001                 0x08000188   Section        4  entry2.o(.ARM.Collect$$$$00000001)
    .ARM.Collect$$$$00000004                 0x0800018c   Section        4  entry5.o(.ARM.Collect$$$$00000004)
    .ARM.Collect$$$$00000008                 0x08000190   Section        0  entry7b.o(.ARM.Collect$$$$00000008)
    .ARM.Collect$$$$0000000A                 0x08000190   Section        0  entry8b.o(.ARM.Collect$$$$0000000A)
    .ARM.Collect$$$$0000000B                 0x08000190   Section        8  entry9a.o(.ARM.Collect$$$$0000000B)
    .ARM.Collect$$$$0000000D                 0x08000198   Section        0  entry10a.o(.ARM.Collect$$$$0000000D)
    .ARM.Collect$$$$0000000F                 0x08000198   Section        0  entry11a.o(.ARM.Collect$$$$0000000F)
    .ARM.Collect$$$$00002712                 0x08000198   Section        4  entry2.o(.ARM.Collect$$$$00002712)
    __lit__00000000                          0x08000198   Data           4  entry2.o(.ARM.Collect$$$$00002712)
    .text                                    0x0800019c   Section        0  fputc_def.o(.text)
    .text                                    0x080001c0   Section        0  main.o(.text)
    .text                                    0x0800023c   Section        0  tm_stm32f4_spi.o(.text)
    .text                                    0x080008cc   Section        0  lsm9ds0.o(.text)
    delay                                    0x080008cd   Thumb Code    14  lsm9ds0.o(.text)
    .text                                    0x08001220   Section        0  sys.o(.text)
    .text                                    0x08001c30   Section        0  mc339xx.o(.text)
    .text                                    0x08001e34   Section        0  system_stm32f4xx.o(.text)
    SetSysClock                              0x08001e35   Thumb Code   220  system_stm32f4xx.o(.text)
    .text                                    0x08002044   Section       36  startup_stm32f40_41xxx.o(.text)
    $v0                                      0x08002044   Number         0  startup_stm32f40_41xxx.o(.text)
    .text                                    0x08002068   Section        0  stm32f4xx_gpio.o(.text)
    .text                                    0x080022fc   Section        0  stm32f4xx_rcc.o(.text)
    .text                                    0x08002930   Section        0  stm32f4xx_spi.o(.text)
    .text                                    0x08002d80   Section        0  stm32f4xx_tim.o(.text)
    TI4_Config                               0x0800351f   Thumb Code    80  stm32f4xx_tim.o(.text)
    TI3_Config                               0x08003581   Thumb Code    72  stm32f4xx_tim.o(.text)
    TI2_Config                               0x080035e3   Thumb Code    90  stm32f4xx_tim.o(.text)
    TI1_Config                               0x0800364f   Thumb Code    58  stm32f4xx_tim.o(.text)
    .text                                    0x08003a22   Section        0  arm_pid_init_f32.o(.text)
    .text                                    0x08003a5a   Section        0  arm_pid_reset_f32.o(.text)
    .text                                    0x08003a64   Section        0  f2d.o(.text)
    .text                                    0x08003a8c   Section       40  cdrcmple.o(.text)
    .text                                    0x08003ab4   Section        0  uidiv.o(.text)
    .text                                    0x08003ae0   Section        0  uldiv.o(.text)
    .text                                    0x08003b42   Section        0  iusefp.o(.text)
    .text                                    0x08003b42   Section        0  dadd.o(.text)
    .text                                    0x08003c90   Section        0  dmul.o(.text)
    .text                                    0x08003d74   Section        0  ddiv.o(.text)
    .text                                    0x08003e52   Section        0  dfixul.o(.text)
    .text                                    0x08003e82   Section        0  d2f.o(.text)
    .text                                    0x08003ebc   Section       36  init.o(.text)
    .text                                    0x08003ee0   Section        0  llshl.o(.text)
    .text                                    0x08003efe   Section        0  llushr.o(.text)
    .text                                    0x08003f1e   Section        0  llsshr.o(.text)
    .text                                    0x08003f42   Section        0  fepilogue.o(.text)
    .text                                    0x08003fb0   Section        0  depilogue.o(.text)
    i.__0printf                              0x08004068   Section        0  printfa.o(i.__0printf)
    i.__ARM_fpclassifyf                      0x08004088   Section        0  fpclassifyf.o(i.__ARM_fpclassifyf)
    i.__hardfp_atan2f                        0x080040b0   Section        0  atan2f.o(i.__hardfp_atan2f)
    i.__hardfp_copysignf                     0x080042fc   Section        0  copysignf.o(i.__hardfp_copysignf)
    i.__hardfp_fabs                          0x0800430e   Section        0  fabs.o(i.__hardfp_fabs)
    i.__hardfp_powf                          0x08004328   Section        0  powf.o(i.__hardfp_powf)
    i.__hardfp_sqrtf                         0x08004954   Section        0  sqrtf_full.o(i.__hardfp_sqrtf)
    i.__mathlib_flt_underflow                0x08004990   Section        0  funder.o(i.__mathlib_flt_underflow)
    i.__scatterload_copy                     0x080049a0   Section       14  handlers.o(i.__scatterload_copy)
    i.__scatterload_null                     0x080049ae   Section        2  handlers.o(i.__scatterload_null)
    i.__scatterload_zeroinit                 0x080049b0   Section       14  handlers.o(i.__scatterload_zeroinit)
    i.__set_errno                            0x080049c0   Section        0  errno.o(i.__set_errno)
    i._fp_digits                             0x080049cc   Section        0  printfa.o(i._fp_digits)
    _fp_digits                               0x080049cd   Thumb Code   334  printfa.o(i._fp_digits)
    i._printf_core                           0x08004b30   Section        0  printfa.o(i._printf_core)
    _printf_core                             0x08004b31   Thumb Code  1744  printfa.o(i._printf_core)
    i._printf_post_padding                   0x0800520c   Section        0  printfa.o(i._printf_post_padding)
    _printf_post_padding                     0x0800520d   Thumb Code    36  printfa.o(i._printf_post_padding)
    i._printf_pre_padding                    0x08005230   Section        0  printfa.o(i._printf_pre_padding)
    _printf_pre_padding                      0x08005231   Thumb Code    46  printfa.o(i._printf_pre_padding)
    i.copysignf                              0x0800525e   Section        0  copysignf.o(i.copysignf)
    __tagsym$$used                           0x0800525f   Number         0  copysignf.o(i.copysignf)
    .constdata                               0x08005270   Section      320  powf.o(.constdata)
    table                                    0x08005270   Data         128  powf.o(.constdata)
    powersof2to1over16top                    0x080052f0   Data          64  powf.o(.constdata)
    powersof2to1over16bot                    0x08005330   Data          64  powf.o(.constdata)
    powersof2to1over16all                    0x08005370   Data          64  powf.o(.constdata)
    .data                                    0x20000000   Section        6  lsm9ds0.o(.data)
    LMS_Device_Defaults                      0x20000000   Data           6  lsm9ds0.o(.data)
    .data                                    0x20000008   Section       20  system_stm32f4xx.o(.data)
    .data                                    0x2000001c   Section       16  stm32f4xx_rcc.o(.data)
    APBAHBPrescTable                         0x2000001c   Data          16  stm32f4xx_rcc.o(.data)
    .data                                    0x2000002c   Section        4  stdout.o(.data)
    .data                                    0x20000030   Section        4  errno.o(.data)
    _errno                                   0x20000030   Data           4  errno.o(.data)
    .bss                                     0x20000034   Section     1104  sys.o(.bss)
    Sys                                      0x20000034   Data        1104  sys.o(.bss)
    STACK                                    0x20000488   Section     1024  startup_stm32f40_41xxx.o(STACK)

    Global Symbols

    Symbol Name                              Value     Ov Type        Size  Object(Section)

    BuildAttributes$$THM_ISAv4$E$P$D$K$B$S$7EM$VFPi3$EXTD16$VFPS$VFMA$PE$A:L22UL41UL21$X:L11$S22US41US21$IEEE1$IW$USESV6$~STKCKD$USESV7$~SHL$OTIME$ROPI$IEEEX$EBA8$MICROLIB$REQ8$PRES8$EABIv2 0x00000000   Number         0  anon$$obj.o ABSOLUTE
    __ARM_use_no_argv                        0x00000000   Number         0  main.o ABSOLUTE
    _printf_a                                0x00000000   Number         0  stubs.o ABSOLUTE
    _printf_c                                0x00000000   Number         0  stubs.o ABSOLUTE
    _printf_charcount                        0x00000000   Number         0  stubs.o ABSOLUTE
    _printf_d                                0x00000000   Number         0  stubs.o ABSOLUTE
    _printf_e                                0x00000000   Number         0  stubs.o ABSOLUTE
    _printf_f                                0x00000000   Number         0  stubs.o ABSOLUTE
    _printf_flags                            0x00000000   Number         0  stubs.o ABSOLUTE
    _printf_fp_dec                           0x00000000   Number         0  stubs.o ABSOLUTE
    _printf_fp_hex                           0x00000000   Number         0  stubs.o ABSOLUTE
    _printf_g                                0x00000000   Number         0  stubs.o ABSOLUTE
    _printf_i                                0x00000000   Number         0  stubs.o ABSOLUTE
    _printf_int_dec                          0x00000000   Number         0  stubs.o ABSOLUTE
    _printf_l                                0x00000000   Number         0  stubs.o ABSOLUTE
    _printf_lc                               0x00000000   Number         0  stubs.o ABSOLUTE
    _printf_ll                               0x00000000   Number         0  stubs.o ABSOLUTE
    _printf_lld                              0x00000000   Number         0  stubs.o ABSOLUTE
    _printf_lli                              0x00000000   Number         0  stubs.o ABSOLUTE
    _printf_llo                              0x00000000   Number         0  stubs.o ABSOLUTE
    _printf_llu                              0x00000000   Number         0  stubs.o ABSOLUTE
    _printf_llx                              0x00000000   Number         0  stubs.o ABSOLUTE
    _printf_longlong_dec                     0x00000000   Number         0  stubs.o ABSOLUTE
    _printf_longlong_hex                     0x00000000   Number         0  stubs.o ABSOLUTE
    _printf_longlong_oct                     0x00000000   Number         0  stubs.o ABSOLUTE
    _printf_ls                               0x00000000   Number         0  stubs.o ABSOLUTE
    _printf_mbtowc                           0x00000000   Number         0  stubs.o ABSOLUTE
    _printf_n                                0x00000000   Number         0  stubs.o ABSOLUTE
    _printf_o                                0x00000000   Number         0  stubs.o ABSOLUTE
    _printf_p                                0x00000000   Number         0  stubs.o ABSOLUTE
    _printf_percent                          0x00000000   Number         0  stubs.o ABSOLUTE
    _printf_pre_padding                      0x00000000   Number         0  stubs.o ABSOLUTE
    _printf_return_value                     0x00000000   Number         0  stubs.o ABSOLUTE
    _printf_s                                0x00000000   Number         0  stubs.o ABSOLUTE
    _printf_sizespec                         0x00000000   Number         0  stubs.o ABSOLUTE
    _printf_str                              0x00000000   Number         0  stubs.o ABSOLUTE
    _printf_truncate_signed                  0x00000000   Number         0  stubs.o ABSOLUTE
    _printf_truncate_unsigned                0x00000000   Number         0  stubs.o ABSOLUTE
    _printf_u                                0x00000000   Number         0  stubs.o ABSOLUTE
    _printf_wc                               0x00000000   Number         0  stubs.o ABSOLUTE
    _printf_wctomb                           0x00000000   Number         0  stubs.o ABSOLUTE
    _printf_widthprec                        0x00000000   Number         0  stubs.o ABSOLUTE
    _printf_x                                0x00000000   Number         0  stubs.o ABSOLUTE
    __cpp_initialize__aeabi_                  - Undefined Weak Reference
    __cxa_finalize                            - Undefined Weak Reference
    __decompress                              - Undefined Weak Reference
    _clock_init                               - Undefined Weak Reference
    _microlib_exit                            - Undefined Weak Reference
    __Vectors_Size                           0x00000188   Number         0  startup_stm32f40_41xxx.o ABSOLUTE
    __Vectors                                0x08000000   Data           4  startup_stm32f40_41xxx.o(RESET)
    __Vectors_End                            0x08000188   Data           0  startup_stm32f40_41xxx.o(RESET)
    __main                                   0x08000189   Thumb Code     0  entry.o(.ARM.Collect$$$$00000000)
    _main_stk                                0x08000189   Thumb Code     0  entry2.o(.ARM.Collect$$$$00000001)
    _main_scatterload                        0x0800018d   Thumb Code     0  entry5.o(.ARM.Collect$$$$00000004)
    __main_after_scatterload                 0x08000191   Thumb Code     0  entry5.o(.ARM.Collect$$$$00000004)
    _main_clock                              0x08000191   Thumb Code     0  entry7b.o(.ARM.Collect$$$$00000008)
    _main_cpp_init                           0x08000191   Thumb Code     0  entry8b.o(.ARM.Collect$$$$0000000A)
    _main_init                               0x08000191   Thumb Code     0  entry9a.o(.ARM.Collect$$$$0000000B)
    __rt_final_cpp                           0x08000199   Thumb Code     0  entry10a.o(.ARM.Collect$$$$0000000D)
    __rt_final_exit                          0x08000199   Thumb Code     0  entry11a.o(.ARM.Collect$$$$0000000F)
    fputc                                    0x0800019d   Thumb Code    30  fputc_def.o(.text)
    InitSystick                              0x080001c1   Thumb Code    94  main.o(.text)
    main                                     0x0800021f   Thumb Code    18  main.o(.text)
    TM_SPI6_Init                             0x0800023d   Thumb Code   160  tm_stm32f4_spi.o(.text)
    TM_SPI5_Init                             0x080002dd   Thumb Code   238  tm_stm32f4_spi.o(.text)
    TM_SPI4_Init                             0x080003cb   Thumb Code   218  tm_stm32f4_spi.o(.text)
    TM_SPI3_Init                             0x080004a5   Thumb Code   216  tm_stm32f4_spi.o(.text)
    TM_SPI2_Init                             0x0800057d   Thumb Code   342  tm_stm32f4_spi.o(.text)
    TM_SPI1_Init                             0x080006d3   Thumb Code   216  tm_stm32f4_spi.o(.text)
    TM_SPI_Init                              0x080007ab   Thumb Code    90  tm_stm32f4_spi.o(.text)
    TM_SPI_Send                              0x08000805   Thumb Code    56  tm_stm32f4_spi.o(.text)
    TM_SPI_SendMulti                         0x0800083d   Thumb Code    38  tm_stm32f4_spi.o(.text)
    TM_SPI_WriteMulti                        0x08000863   Thumb Code    34  tm_stm32f4_spi.o(.text)
    TM_SPI_ReadMulti                         0x08000885   Thumb Code    38  tm_stm32f4_spi.o(.text)
    LSM9DS0_Init                             0x080008db   Thumb Code    12  lsm9ds0.o(.text)
    calcmRes                                 0x080008e7   Thumb Code    36  lsm9ds0.o(.text)
    SPIwriteByte                             0x0800090b   Thumb Code    82  lsm9ds0.o(.text)
    xmWriteByte                              0x0800095d   Thumb Code    22  lsm9ds0.o(.text)
    SPIreadBytes                             0x08000973   Thumb Code   112  lsm9ds0.o(.text)
    SPIreadByte                              0x080009e3   Thumb Code    28  lsm9ds0.o(.text)
    xmReadByte                               0x080009ff   Thumb Code    18  lsm9ds0.o(.text)
    setMagScale                              0x08000a11   Thumb Code    46  lsm9ds0.o(.text)
    setMagODR                                0x08000a3f   Thumb Code    38  lsm9ds0.o(.text)
    initMag                                  0x08000a65   Thumb Code    56  lsm9ds0.o(.text)
    calcaRes                                 0x08000a9d   Thumb Code    52  lsm9ds0.o(.text)
    setAccelScale                            0x08000ad1   Thumb Code    46  lsm9ds0.o(.text)
    setAccelODR                              0x08000aff   Thumb Code    38  lsm9ds0.o(.text)
    initAccel                                0x08000b25   Thumb Code    46  lsm9ds0.o(.text)
    calcgRes                                 0x08000b53   Thumb Code    48  lsm9ds0.o(.text)
    gWriteByte                               0x08000b83   Thumb Code    22  lsm9ds0.o(.text)
    gReadByte                                0x08000b99   Thumb Code    18  lsm9ds0.o(.text)
    setGyroScale                             0x08000bab   Thumb Code    46  lsm9ds0.o(.text)
    setGyroODR                               0x08000bd9   Thumb Code    38  lsm9ds0.o(.text)
    configGyroInt                            0x08000bff   Thumb Code   120  lsm9ds0.o(.text)
    initGyro                                 0x08000c77   Thumb Code   114  lsm9ds0.o(.text)
    LSM_initSPI                              0x08000ce9   Thumb Code   118  lsm9ds0.o(.text)
    LSM9DS0_begin                            0x08000d5f   Thumb Code   140  lsm9ds0.o(.text)
    xmReadBytes                              0x08000deb   Thumb Code    28  lsm9ds0.o(.text)
    gReadBytes                               0x08000e07   Thumb Code    28  lsm9ds0.o(.text)
    calLSM9DS0                               0x08000e23   Thumb Code   670  lsm9ds0.o(.text)
    LSM9DS0_readAccel                        0x080010c1   Thumb Code    86  lsm9ds0.o(.text)
    LSM9DS0_readMag                          0x08001117   Thumb Code    66  lsm9ds0.o(.text)
    LSM9DS0_readTemp                         0x08001159   Thumb Code    38  lsm9ds0.o(.text)
    LSM9DS0_readGyro                         0x0800117f   Thumb Code    66  lsm9ds0.o(.text)
    calcGyro                                 0x080011c1   Thumb Code    18  lsm9ds0.o(.text)
    calcAccel                                0x080011d3   Thumb Code    18  lsm9ds0.o(.text)
    calcMag                                  0x080011e5   Thumb Code    18  lsm9ds0.o(.text)
    setAccelABW                              0x080011f7   Thumb Code    40  lsm9ds0.o(.text)
    Init_EFK1f                               0x08001221   Thumb Code    30  sys.o(.text)
    Update_EKF1f                             0x0800123f   Thumb Code   104  sys.o(.text)
    Init_CompFilt1f_x                        0x080012a7   Thumb Code   120  sys.o(.text)
    Update_CompFilt1f_x                      0x0800131f   Thumb Code   160  sys.o(.text)
    Init_StatSen1f                           0x080013bf   Thumb Code    42  sys.o(.text)
    Update_StatSen1f                         0x080013e9   Thumb Code   116  sys.o(.text)
    NewBias_StatSen1f                        0x0800145d   Thumb Code    14  sys.o(.text)
    SetBias_StatSen1f                        0x0800146b   Thumb Code    36  sys.o(.text)
    KeepBias_StatSen1f                       0x0800148f   Thumb Code    26  sys.o(.text)
    NewVar_StatSen1f                         0x080014a9   Thumb Code    14  sys.o(.text)
    SetVar_StatSen1f                         0x080014b7   Thumb Code    62  sys.o(.text)
    KeepVar_StatSen1f                        0x080014f5   Thumb Code    32  sys.o(.text)
    __SysUpdateIMU                           0x08001515   Thumb Code   338  sys.o(.text)
    __SysInitIMU                             0x08001667   Thumb Code   748  sys.o(.text)
    __SysInitMotors                          0x08001953   Thumb Code    22  sys.o(.text)
    __SysUpdateMotors                        0x08001969   Thumb Code    90  sys.o(.text)
    __SysInitCmd                             0x080019c3   Thumb Code    98  sys.o(.text)
    __SysUpdateCmd                           0x08001a25   Thumb Code   380  sys.o(.text)
    SysTick_Handler                          0x08001ba1   Thumb Code    12  sys.o(.text)
    SysLoop                                  0x08001bad   Thumb Code   104  sys.o(.text)
    Init_Dual_MC339xx                        0x08001c31   Thumb Code   142  mc339xx.o(.text)
    Cmd_Dual_MC339xx                         0x08001cbf   Thumb Code   362  mc339xx.o(.text)
    SystemInit                               0x08001f11   Thumb Code    88  system_stm32f4xx.o(.text)
    SystemCoreClockUpdate                    0x08001f69   Thumb Code   174  system_stm32f4xx.o(.text)
    Reset_Handler                            0x08002045   Thumb Code     8  startup_stm32f40_41xxx.o(.text)
    NMI_Handler                              0x0800204d   Thumb Code     2  startup_stm32f40_41xxx.o(.text)
    HardFault_Handler                        0x0800204f   Thumb Code     2  startup_stm32f40_41xxx.o(.text)
    MemManage_Handler                        0x08002051   Thumb Code     2  startup_stm32f40_41xxx.o(.text)
    BusFault_Handler                         0x08002053   Thumb Code     2  startup_stm32f40_41xxx.o(.text)
    UsageFault_Handler                       0x08002055   Thumb Code     2  startup_stm32f40_41xxx.o(.text)
    SVC_Handler                              0x08002057   Thumb Code     2  startup_stm32f40_41xxx.o(.text)
    DebugMon_Handler                         0x08002059   Thumb Code     2  startup_stm32f40_41xxx.o(.text)
    PendSV_Handler                           0x0800205b   Thumb Code     2  startup_stm32f40_41xxx.o(.text)
    ADC_IRQHandler                           0x0800205f   Thumb Code     0  startup_stm32f40_41xxx.o(.text)
    CAN1_RX0_IRQHandler                      0x0800205f   Thumb Code     0  startup_stm32f40_41xxx.o(.text)
    CAN1_RX1_IRQHandler                      0x0800205f   Thumb Code     0  startup_stm32f40_41xxx.o(.text)
    CAN1_SCE_IRQHandler                      0x0800205f   Thumb Code     0  startup_stm32f40_41xxx.o(.text)
    CAN1_TX_IRQHandler                       0x0800205f   Thumb Code     0  startup_stm32f40_41xxx.o(.text)
    CAN2_RX0_IRQHandler                      0x0800205f   Thumb Code     0  startup_stm32f40_41xxx.o(.text)
    CAN2_RX1_IRQHandler                      0x0800205f   Thumb Code     0  startup_stm32f40_41xxx.o(.text)
    CAN2_SCE_IRQHandler                      0x0800205f   Thumb Code     0  startup_stm32f40_41xxx.o(.text)
    CAN2_TX_IRQHandler                       0x0800205f   Thumb Code     0  startup_stm32f40_41xxx.o(.text)
    CRYP_IRQHandler                          0x0800205f   Thumb Code     0  startup_stm32f40_41xxx.o(.text)
    DCMI_IRQHandler                          0x0800205f   Thumb Code     0  startup_stm32f40_41xxx.o(.text)
    DMA1_Stream0_IRQHandler                  0x0800205f   Thumb Code     0  startup_stm32f40_41xxx.o(.text)
    DMA1_Stream1_IRQHandler                  0x0800205f   Thumb Code     0  startup_stm32f40_41xxx.o(.text)
    DMA1_Stream2_IRQHandler                  0x0800205f   Thumb Code     0  startup_stm32f40_41xxx.o(.text)
    DMA1_Stream3_IRQHandler                  0x0800205f   Thumb Code     0  startup_stm32f40_41xxx.o(.text)
    DMA1_Stream4_IRQHandler                  0x0800205f   Thumb Code     0  startup_stm32f40_41xxx.o(.text)
    DMA1_Stream5_IRQHandler                  0x0800205f   Thumb Code     0  startup_stm32f40_41xxx.o(.text)
    DMA1_Stream6_IRQHandler                  0x0800205f   Thumb Code     0  startup_stm32f40_41xxx.o(.text)
    DMA1_Stream7_IRQHandler                  0x0800205f   Thumb Code     0  startup_stm32f40_41xxx.o(.text)
    DMA2_Stream0_IRQHandler                  0x0800205f   Thumb Code     0  startup_stm32f40_41xxx.o(.text)
    DMA2_Stream1_IRQHandler                  0x0800205f   Thumb Code     0  startup_stm32f40_41xxx.o(.text)
    DMA2_Stream2_IRQHandler                  0x0800205f   Thumb Code     0  startup_stm32f40_41xxx.o(.text)
    DMA2_Stream3_IRQHandler                  0x0800205f   Thumb Code     0  startup_stm32f40_41xxx.o(.text)
    DMA2_Stream4_IRQHandler                  0x0800205f   Thumb Code     0  startup_stm32f40_41xxx.o(.text)
    DMA2_Stream5_IRQHandler                  0x0800205f   Thumb Code     0  startup_stm32f40_41xxx.o(.text)
    DMA2_Stream6_IRQHandler                  0x0800205f   Thumb Code     0  startup_stm32f40_41xxx.o(.text)
    DMA2_Stream7_IRQHandler                  0x0800205f   Thumb Code     0  startup_stm32f40_41xxx.o(.text)
    ETH_IRQHandler                           0x0800205f   Thumb Code     0  startup_stm32f40_41xxx.o(.text)
    ETH_WKUP_IRQHandler                      0x0800205f   Thumb Code     0  startup_stm32f40_41xxx.o(.text)
    EXTI0_IRQHandler                         0x0800205f   Thumb Code     0  startup_stm32f40_41xxx.o(.text)
    EXTI15_10_IRQHandler                     0x0800205f   Thumb Code     0  startup_stm32f40_41xxx.o(.text)
    EXTI1_IRQHandler                         0x0800205f   Thumb Code     0  startup_stm32f40_41xxx.o(.text)
    EXTI2_IRQHandler                         0x0800205f   Thumb Code     0  startup_stm32f40_41xxx.o(.text)
    EXTI3_IRQHandler                         0x0800205f   Thumb Code     0  startup_stm32f40_41xxx.o(.text)
    EXTI4_IRQHandler                         0x0800205f   Thumb Code     0  startup_stm32f40_41xxx.o(.text)
    EXTI9_5_IRQHandler                       0x0800205f   Thumb Code     0  startup_stm32f40_41xxx.o(.text)
    FLASH_IRQHandler                         0x0800205f   Thumb Code     0  startup_stm32f40_41xxx.o(.text)
    FPU_IRQHandler                           0x0800205f   Thumb Code     0  startup_stm32f40_41xxx.o(.text)
    FSMC_IRQHandler                          0x0800205f   Thumb Code     0  startup_stm32f40_41xxx.o(.text)
    HASH_RNG_IRQHandler                      0x0800205f   Thumb Code     0  startup_stm32f40_41xxx.o(.text)
    I2C1_ER_IRQHandler                       0x0800205f   Thumb Code     0  startup_stm32f40_41xxx.o(.text)
    I2C1_EV_IRQHandler                       0x0800205f   Thumb Code     0  startup_stm32f40_41xxx.o(.text)
    I2C2_ER_IRQHandler                       0x0800205f   Thumb Code     0  startup_stm32f40_41xxx.o(.text)
    I2C2_EV_IRQHandler                       0x0800205f   Thumb Code     0  startup_stm32f40_41xxx.o(.text)
    I2C3_ER_IRQHandler                       0x0800205f   Thumb Code     0  startup_stm32f40_41xxx.o(.text)
    I2C3_EV_IRQHandler                       0x0800205f   Thumb Code     0  startup_stm32f40_41xxx.o(.text)
    OTG_FS_IRQHandler                        0x0800205f   Thumb Code     0  startup_stm32f40_41xxx.o(.text)
    OTG_FS_WKUP_IRQHandler                   0x0800205f   Thumb Code     0  startup_stm32f40_41xxx.o(.text)
    OTG_HS_EP1_IN_IRQHandler                 0x0800205f   Thumb Code     0  startup_stm32f40_41xxx.o(.text)
    OTG_HS_EP1_OUT_IRQHandler                0x0800205f   Thumb Code     0  startup_stm32f40_41xxx.o(.text)
    OTG_HS_IRQHandler                        0x0800205f   Thumb Code     0  startup_stm32f40_41xxx.o(.text)
    OTG_HS_WKUP_IRQHandler                   0x0800205f   Thumb Code     0  startup_stm32f40_41xxx.o(.text)
    PVD_IRQHandler                           0x0800205f   Thumb Code     0  startup_stm32f40_41xxx.o(.text)
    RCC_IRQHandler                           0x0800205f   Thumb Code     0  startup_stm32f40_41xxx.o(.text)
    RTC_Alarm_IRQHandler                     0x0800205f   Thumb Code     0  startup_stm32f40_41xxx.o(.text)
    RTC_WKUP_IRQHandler                      0x0800205f   Thumb Code     0  startup_stm32f40_41xxx.o(.text)
    SDIO_IRQHandler                          0x0800205f   Thumb Code     0  startup_stm32f40_41xxx.o(.text)
    SPI1_IRQHandler                          0x0800205f   Thumb Code     0  startup_stm32f40_41xxx.o(.text)
    SPI2_IRQHandler                          0x0800205f   Thumb Code     0  startup_stm32f40_41xxx.o(.text)
    SPI3_IRQHandler                          0x0800205f   Thumb Code     0  startup_stm32f40_41xxx.o(.text)
    TAMP_STAMP_IRQHandler                    0x0800205f   Thumb Code     0  startup_stm32f40_41xxx.o(.text)
    TIM1_BRK_TIM9_IRQHandler                 0x0800205f   Thumb Code     0  startup_stm32f40_41xxx.o(.text)
    TIM1_CC_IRQHandler                       0x0800205f   Thumb Code     0  startup_stm32f40_41xxx.o(.text)
    TIM1_TRG_COM_TIM11_IRQHandler            0x0800205f   Thumb Code     0  startup_stm32f40_41xxx.o(.text)
    TIM1_UP_TIM10_IRQHandler                 0x0800205f   Thumb Code     0  startup_stm32f40_41xxx.o(.text)
    TIM2_IRQHandler                          0x0800205f   Thumb Code     0  startup_stm32f40_41xxx.o(.text)
    TIM3_IRQHandler                          0x0800205f   Thumb Code     0  startup_stm32f40_41xxx.o(.text)
    TIM4_IRQHandler                          0x0800205f   Thumb Code     0  startup_stm32f40_41xxx.o(.text)
    TIM5_IRQHandler                          0x0800205f   Thumb Code     0  startup_stm32f40_41xxx.o(.text)
    TIM6_DAC_IRQHandler                      0x0800205f   Thumb Code     0  startup_stm32f40_41xxx.o(.text)
    TIM7_IRQHandler                          0x0800205f   Thumb Code     0  startup_stm32f40_41xxx.o(.text)
    TIM8_BRK_TIM12_IRQHandler                0x0800205f   Thumb Code     0  startup_stm32f40_41xxx.o(.text)
    TIM8_CC_IRQHandler                       0x0800205f   Thumb Code     0  startup_stm32f40_41xxx.o(.text)
    TIM8_TRG_COM_TIM14_IRQHandler            0x0800205f   Thumb Code     0  startup_stm32f40_41xxx.o(.text)
    TIM8_UP_TIM13_IRQHandler                 0x0800205f   Thumb Code     0  startup_stm32f40_41xxx.o(.text)
    UART4_IRQHandler                         0x0800205f   Thumb Code     0  startup_stm32f40_41xxx.o(.text)
    UART5_IRQHandler                         0x0800205f   Thumb Code     0  startup_stm32f40_41xxx.o(.text)
    USART1_IRQHandler                        0x0800205f   Thumb Code     0  startup_stm32f40_41xxx.o(.text)
    USART2_IRQHandler                        0x0800205f   Thumb Code     0  startup_stm32f40_41xxx.o(.text)
    USART3_IRQHandler                        0x0800205f   Thumb Code     0  startup_stm32f40_41xxx.o(.text)
    USART6_IRQHandler                        0x0800205f   Thumb Code     0  startup_stm32f40_41xxx.o(.text)
    WWDG_IRQHandler                          0x0800205f   Thumb Code     0  startup_stm32f40_41xxx.o(.text)
    GPIO_DeInit                              0x08002069   Thumb Code   268  stm32f4xx_gpio.o(.text)
    GPIO_Init                                0x08002175   Thumb Code   144  stm32f4xx_gpio.o(.text)
    GPIO_StructInit                          0x08002205   Thumb Code    18  stm32f4xx_gpio.o(.text)
    GPIO_PinLockConfig                       0x08002217   Thumb Code    34  stm32f4xx_gpio.o(.text)
    GPIO_ReadInputDataBit                    0x08002239   Thumb Code    18  stm32f4xx_gpio.o(.text)
    GPIO_ReadInputData                       0x0800224b   Thumb Code     8  stm32f4xx_gpio.o(.text)
    GPIO_ReadOutputDataBit                   0x08002253   Thumb Code    18  stm32f4xx_gpio.o(.text)
    GPIO_ReadOutputData                      0x08002265   Thumb Code     8  stm32f4xx_gpio.o(.text)
    GPIO_SetBits                             0x0800226d   Thumb Code     4  stm32f4xx_gpio.o(.text)
    GPIO_ResetBits                           0x08002271   Thumb Code     4  stm32f4xx_gpio.o(.text)
    GPIO_WriteBit                            0x08002275   Thumb Code    10  stm32f4xx_gpio.o(.text)
    GPIO_Write                               0x0800227f   Thumb Code     4  stm32f4xx_gpio.o(.text)
    GPIO_ToggleBits                          0x08002283   Thumb Code     8  stm32f4xx_gpio.o(.text)
    GPIO_PinAFConfig                         0x0800228b   Thumb Code    70  stm32f4xx_gpio.o(.text)
    RCC_DeInit                               0x080022fd   Thumb Code    82  stm32f4xx_rcc.o(.text)
    RCC_HSEConfig                            0x0800234f   Thumb Code    14  stm32f4xx_rcc.o(.text)
    RCC_GetFlagStatus                        0x0800235d   Thumb Code    60  stm32f4xx_rcc.o(.text)
    RCC_WaitForHSEStartUp                    0x08002399   Thumb Code    56  stm32f4xx_rcc.o(.text)
    RCC_AdjustHSICalibrationValue            0x080023d1   Thumb Code    20  stm32f4xx_rcc.o(.text)
    RCC_HSICmd                               0x080023e5   Thumb Code     6  stm32f4xx_rcc.o(.text)
    RCC_LSEConfig                            0x080023eb   Thumb Code    46  stm32f4xx_rcc.o(.text)
    RCC_LSICmd                               0x08002419   Thumb Code     6  stm32f4xx_rcc.o(.text)
    RCC_PLLConfig                            0x0800241f   Thumb Code    32  stm32f4xx_rcc.o(.text)
    RCC_PLLCmd                               0x0800243f   Thumb Code     6  stm32f4xx_rcc.o(.text)
    RCC_PLLI2SConfig                         0x08002445   Thumb Code    14  stm32f4xx_rcc.o(.text)
    RCC_PLLI2SCmd                            0x08002453   Thumb Code     6  stm32f4xx_rcc.o(.text)
    RCC_PLLSAIConfig                         0x08002459   Thumb Code    20  stm32f4xx_rcc.o(.text)
    RCC_PLLSAICmd                            0x0800246d   Thumb Code     6  stm32f4xx_rcc.o(.text)
    RCC_ClockSecuritySystemCmd               0x08002473   Thumb Code     6  stm32f4xx_rcc.o(.text)
    RCC_MCO1Config                           0x08002479   Thumb Code    28  stm32f4xx_rcc.o(.text)
    RCC_MCO2Config                           0x08002495   Thumb Code    28  stm32f4xx_rcc.o(.text)
    RCC_SYSCLKConfig                         0x080024b1   Thumb Code    20  stm32f4xx_rcc.o(.text)
    RCC_GetSYSCLKSource                      0x080024c5   Thumb Code    12  stm32f4xx_rcc.o(.text)
    RCC_HCLKConfig                           0x080024d1   Thumb Code    20  stm32f4xx_rcc.o(.text)
    RCC_PCLK1Config                          0x080024e5   Thumb Code    20  stm32f4xx_rcc.o(.text)
    RCC_PCLK2Config                          0x080024f9   Thumb Code    22  stm32f4xx_rcc.o(.text)
    RCC_GetClocksFreq                        0x0800250f   Thumb Code   222  stm32f4xx_rcc.o(.text)
    RCC_RTCCLKConfig                         0x080025ed   Thumb Code    54  stm32f4xx_rcc.o(.text)
    RCC_RTCCLKCmd                            0x08002623   Thumb Code     8  stm32f4xx_rcc.o(.text)
    RCC_BackupResetCmd                       0x0800262b   Thumb Code     8  stm32f4xx_rcc.o(.text)
    RCC_I2SCLKConfig                         0x08002633   Thumb Code     6  stm32f4xx_rcc.o(.text)
    RCC_SAIPLLI2SClkDivConfig                0x08002639   Thumb Code    26  stm32f4xx_rcc.o(.text)
    RCC_SAIPLLSAIClkDivConfig                0x08002653   Thumb Code    28  stm32f4xx_rcc.o(.text)
    RCC_SAIBlockACLKConfig                   0x0800266f   Thumb Code    20  stm32f4xx_rcc.o(.text)
    RCC_SAIBlockBCLKConfig                   0x08002683   Thumb Code    20  stm32f4xx_rcc.o(.text)
    RCC_LTDCCLKDivConfig                     0x08002697   Thumb Code    20  stm32f4xx_rcc.o(.text)
    RCC_TIMCLKPresConfig                     0x080026ab   Thumb Code     6  stm32f4xx_rcc.o(.text)
    RCC_AHB1PeriphClockCmd                   0x080026b1   Thumb Code    34  stm32f4xx_rcc.o(.text)
    RCC_AHB2PeriphClockCmd                   0x080026d3   Thumb Code    78  stm32f4xx_rcc.o(.text)
    RCC_AHB3PeriphClockCmd                   0x08002721   Thumb Code    34  stm32f4xx_rcc.o(.text)
    RCC_APB1PeriphClockCmd                   0x08002743   Thumb Code    34  stm32f4xx_rcc.o(.text)
    RCC_APB2PeriphClockCmd                   0x08002765   Thumb Code    34  stm32f4xx_rcc.o(.text)
    RCC_AHB1PeriphResetCmd                   0x08002787   Thumb Code    34  stm32f4xx_rcc.o(.text)
    RCC_AHB2PeriphResetCmd                   0x080027a9   Thumb Code    34  stm32f4xx_rcc.o(.text)
    RCC_AHB3PeriphResetCmd                   0x080027cb   Thumb Code    34  stm32f4xx_rcc.o(.text)
    RCC_APB1PeriphResetCmd                   0x080027ed   Thumb Code    34  stm32f4xx_rcc.o(.text)
    RCC_APB2PeriphResetCmd                   0x0800280f   Thumb Code    34  stm32f4xx_rcc.o(.text)
    RCC_AHB1PeriphClockLPModeCmd             0x08002831   Thumb Code    34  stm32f4xx_rcc.o(.text)
    RCC_AHB2PeriphClockLPModeCmd             0x08002853   Thumb Code    34  stm32f4xx_rcc.o(.text)
    RCC_AHB3PeriphClockLPModeCmd             0x08002875   Thumb Code    34  stm32f4xx_rcc.o(.text)
    RCC_APB1PeriphClockLPModeCmd             0x08002897   Thumb Code    34  stm32f4xx_rcc.o(.text)
    RCC_APB2PeriphClockLPModeCmd             0x080028b9   Thumb Code    34  stm32f4xx_rcc.o(.text)
    RCC_ITConfig                             0x080028db   Thumb Code    34  stm32f4xx_rcc.o(.text)
    RCC_ClearFlag                            0x080028fd   Thumb Code    18  stm32f4xx_rcc.o(.text)
    RCC_GetITStatus                          0x0800290f   Thumb Code    22  stm32f4xx_rcc.o(.text)
    RCC_ClearITPendingBit                    0x08002925   Thumb Code     8  stm32f4xx_rcc.o(.text)
    SPI_I2S_DeInit                           0x08002931   Thumb Code   152  stm32f4xx_spi.o(.text)
    SPI_Init                                 0x080029c9   Thumb Code    60  stm32f4xx_spi.o(.text)
    I2S_Init                                 0x08002a05   Thumb Code   350  stm32f4xx_spi.o(.text)
    SPI_StructInit                           0x08002b63   Thumb Code    24  stm32f4xx_spi.o(.text)
    I2S_StructInit                           0x08002b7b   Thumb Code    20  stm32f4xx_spi.o(.text)
    SPI_Cmd                                  0x08002b8f   Thumb Code    24  stm32f4xx_spi.o(.text)
    I2S_Cmd                                  0x08002ba7   Thumb Code    24  stm32f4xx_spi.o(.text)
    SPI_DataSizeConfig                       0x08002bbf   Thumb Code    18  stm32f4xx_spi.o(.text)
    SPI_BiDirectionalLineConfig              0x08002bd1   Thumb Code    28  stm32f4xx_spi.o(.text)
    SPI_NSSInternalSoftwareConfig            0x08002bed   Thumb Code    30  stm32f4xx_spi.o(.text)
    SPI_SSOutputCmd                          0x08002c0b   Thumb Code    24  stm32f4xx_spi.o(.text)
    SPI_TIModeCmd                            0x08002c23   Thumb Code    24  stm32f4xx_spi.o(.text)
    I2S_FullDuplexConfig                     0x08002c3b   Thumb Code    80  stm32f4xx_spi.o(.text)
    SPI_I2S_ReceiveData                      0x08002c8b   Thumb Code     6  stm32f4xx_spi.o(.text)
    SPI_I2S_SendData                         0x08002c91   Thumb Code     4  stm32f4xx_spi.o(.text)
    SPI_CalculateCRC                         0x08002c95   Thumb Code    24  stm32f4xx_spi.o(.text)
    SPI_TransmitCRC                          0x08002cad   Thumb Code    10  stm32f4xx_spi.o(.text)
    SPI_GetCRC                               0x08002cb7   Thumb Code    16  stm32f4xx_spi.o(.text)
    SPI_GetCRCPolynomial                     0x08002cc7   Thumb Code     6  stm32f4xx_spi.o(.text)
    SPI_I2S_DMACmd                           0x08002ccd   Thumb Code    18  stm32f4xx_spi.o(.text)
    SPI_I2S_ITConfig                         0x08002cdf   Thumb Code    32  stm32f4xx_spi.o(.text)
    SPI_I2S_GetFlagStatus                    0x08002cff   Thumb Code    50  stm32f4xx_spi.o(.text)
    SPI_I2S_ClearFlag                        0x08002d31   Thumb Code     6  stm32f4xx_spi.o(.text)
    SPI_I2S_GetITStatus                      0x08002d37   Thumb Code    52  stm32f4xx_spi.o(.text)
    SPI_I2S_ClearITPendingBit                0x08002d6b   Thumb Code    20  stm32f4xx_spi.o(.text)
    TIM_DeInit                               0x08002d81   Thumb Code   346  stm32f4xx_tim.o(.text)
    TIM_TimeBaseInit                         0x08002edb   Thumb Code   104  stm32f4xx_tim.o(.text)
    TIM_TimeBaseStructInit                   0x08002f43   Thumb Code    18  stm32f4xx_tim.o(.text)
    TIM_PrescalerConfig                      0x08002f55   Thumb Code     6  stm32f4xx_tim.o(.text)
    TIM_CounterModeConfig                    0x08002f5b   Thumb Code    18  stm32f4xx_tim.o(.text)
    TIM_SetCounter                           0x08002f6d   Thumb Code     4  stm32f4xx_tim.o(.text)
    TIM_SetAutoreload                        0x08002f71   Thumb Code     4  stm32f4xx_tim.o(.text)
    TIM_GetCounter                           0x08002f75   Thumb Code     6  stm32f4xx_tim.o(.text)
    TIM_GetPrescaler                         0x08002f7b   Thumb Code     6  stm32f4xx_tim.o(.text)
    TIM_UpdateDisableConfig                  0x08002f81   Thumb Code    24  stm32f4xx_tim.o(.text)
    TIM_UpdateRequestConfig                  0x08002f99   Thumb Code    24  stm32f4xx_tim.o(.text)
    TIM_ARRPreloadConfig                     0x08002fb1   Thumb Code    24  stm32f4xx_tim.o(.text)
    TIM_SelectOnePulseMode                   0x08002fc9   Thumb Code    18  stm32f4xx_tim.o(.text)
    TIM_SetClockDivision                     0x08002fdb   Thumb Code    18  stm32f4xx_tim.o(.text)
    TIM_Cmd                                  0x08002fed   Thumb Code    24  stm32f4xx_tim.o(.text)
    TIM_OC1Init                              0x08003005   Thumb Code   114  stm32f4xx_tim.o(.text)
    TIM_OC2Init                              0x08003077   Thumb Code   154  stm32f4xx_tim.o(.text)
    TIM_OC3Init                              0x08003111   Thumb Code   204  stm32f4xx_tim.o(.text)
    TIM_OC4Init                              0x080031dd   Thumb Code   112  stm32f4xx_tim.o(.text)
    TIM_OCStructInit                         0x0800324d   Thumb Code    20  stm32f4xx_tim.o(.text)
    TIM_SelectOCxM                           0x08003261   Thumb Code    86  stm32f4xx_tim.o(.text)
    TIM_SetCompare1                          0x080032b7   Thumb Code     4  stm32f4xx_tim.o(.text)
    TIM_SetCompare2                          0x080032bb   Thumb Code     4  stm32f4xx_tim.o(.text)
    TIM_SetCompare3                          0x080032bf   Thumb Code     4  stm32f4xx_tim.o(.text)
    TIM_SetCompare4                          0x080032c3   Thumb Code     4  stm32f4xx_tim.o(.text)
    TIM_ForcedOC1Config                      0x080032c7   Thumb Code    18  stm32f4xx_tim.o(.text)
    TIM_ForcedOC2Config                      0x080032d9   Thumb Code    26  stm32f4xx_tim.o(.text)
    TIM_ForcedOC3Config                      0x080032f3   Thumb Code    18  stm32f4xx_tim.o(.text)
    TIM_ForcedOC4Config                      0x08003305   Thumb Code    26  stm32f4xx_tim.o(.text)
    TIM_OC1PreloadConfig                     0x0800331f   Thumb Code    18  stm32f4xx_tim.o(.text)
    TIM_OC2PreloadConfig                     0x08003331   Thumb Code    26  stm32f4xx_tim.o(.text)
    TIM_OC3PreloadConfig                     0x0800334b   Thumb Code    18  stm32f4xx_tim.o(.text)
    TIM_OC4PreloadConfig                     0x0800335d   Thumb Code    26  stm32f4xx_tim.o(.text)
    TIM_OC1FastConfig                        0x08003377   Thumb Code    18  stm32f4xx_tim.o(.text)
    TIM_OC2FastConfig                        0x08003389   Thumb Code    26  stm32f4xx_tim.o(.text)
    TIM_OC3FastConfig                        0x080033a3   Thumb Code    18  stm32f4xx_tim.o(.text)
    TIM_OC4FastConfig                        0x080033b5   Thumb Code    26  stm32f4xx_tim.o(.text)
    TIM_ClearOC1Ref                          0x080033cf   Thumb Code    18  stm32f4xx_tim.o(.text)
    TIM_ClearOC2Ref                          0x080033e1   Thumb Code    24  stm32f4xx_tim.o(.text)
    TIM_ClearOC3Ref                          0x080033f9   Thumb Code    18  stm32f4xx_tim.o(.text)
    TIM_ClearOC4Ref                          0x0800340b   Thumb Code    24  stm32f4xx_tim.o(.text)
    TIM_OC1PolarityConfig                    0x08003423   Thumb Code    18  stm32f4xx_tim.o(.text)
    TIM_OC1NPolarityConfig                   0x08003435   Thumb Code    18  stm32f4xx_tim.o(.text)
    TIM_OC2PolarityConfig                    0x08003447   Thumb Code    26  stm32f4xx_tim.o(.text)
    TIM_OC2NPolarityConfig                   0x08003461   Thumb Code    26  stm32f4xx_tim.o(.text)
    TIM_OC3PolarityConfig                    0x0800347b   Thumb Code    26  stm32f4xx_tim.o(.text)
    TIM_OC3NPolarityConfig                   0x08003495   Thumb Code    26  stm32f4xx_tim.o(.text)
    TIM_OC4PolarityConfig                    0x080034af   Thumb Code    26  stm32f4xx_tim.o(.text)
    TIM_CCxCmd                               0x080034c9   Thumb Code    30  stm32f4xx_tim.o(.text)
    TIM_CCxNCmd                              0x080034e7   Thumb Code    30  stm32f4xx_tim.o(.text)
    TIM_SetIC4Prescaler                      0x08003505   Thumb Code    26  stm32f4xx_tim.o(.text)
    TIM_SetIC3Prescaler                      0x0800356f   Thumb Code    18  stm32f4xx_tim.o(.text)
    TIM_SetIC2Prescaler                      0x080035c9   Thumb Code    26  stm32f4xx_tim.o(.text)
    TIM_SetIC1Prescaler                      0x0800363d   Thumb Code    18  stm32f4xx_tim.o(.text)
    TIM_ICInit                               0x08003689   Thumb Code   110  stm32f4xx_tim.o(.text)
    TIM_ICStructInit                         0x080036f7   Thumb Code    18  stm32f4xx_tim.o(.text)
    TIM_PWMIConfig                           0x08003709   Thumb Code   124  stm32f4xx_tim.o(.text)
    TIM_GetCapture1                          0x08003785   Thumb Code     6  stm32f4xx_tim.o(.text)
    TIM_GetCapture2                          0x0800378b   Thumb Code     6  stm32f4xx_tim.o(.text)
    TIM_GetCapture3                          0x08003791   Thumb Code     6  stm32f4xx_tim.o(.text)
    TIM_GetCapture4                          0x08003797   Thumb Code     6  stm32f4xx_tim.o(.text)
    TIM_BDTRConfig                           0x0800379d   Thumb Code    32  stm32f4xx_tim.o(.text)
    TIM_BDTRStructInit                       0x080037bd   Thumb Code    18  stm32f4xx_tim.o(.text)
    TIM_CtrlPWMOutputs                       0x080037cf   Thumb Code    30  stm32f4xx_tim.o(.text)
    TIM_SelectCOM                            0x080037ed   Thumb Code    24  stm32f4xx_tim.o(.text)
    TIM_CCPreloadControl                     0x08003805   Thumb Code    24  stm32f4xx_tim.o(.text)
    TIM_ITConfig                             0x0800381d   Thumb Code    18  stm32f4xx_tim.o(.text)
    TIM_GenerateEvent                        0x0800382f   Thumb Code     4  stm32f4xx_tim.o(.text)
    TIM_GetFlagStatus                        0x08003833   Thumb Code    18  stm32f4xx_tim.o(.text)
    TIM_ClearFlag                            0x08003845   Thumb Code     6  stm32f4xx_tim.o(.text)
    TIM_GetITStatus                          0x0800384b   Thumb Code    34  stm32f4xx_tim.o(.text)
    TIM_ClearITPendingBit                    0x0800386d   Thumb Code     6  stm32f4xx_tim.o(.text)
    TIM_DMAConfig                            0x08003873   Thumb Code    10  stm32f4xx_tim.o(.text)
    TIM_DMACmd                               0x0800387d   Thumb Code    18  stm32f4xx_tim.o(.text)
    TIM_SelectCCDMA                          0x0800388f   Thumb Code    24  stm32f4xx_tim.o(.text)
    TIM_InternalClockConfig                  0x080038a7   Thumb Code    12  stm32f4xx_tim.o(.text)
    TIM_SelectInputTrigger                   0x080038b3   Thumb Code    18  stm32f4xx_tim.o(.text)
    TIM_ITRxExternalClockConfig              0x080038c5   Thumb Code    24  stm32f4xx_tim.o(.text)
    TIM_TIxExternalClockConfig               0x080038dd   Thumb Code    62  stm32f4xx_tim.o(.text)
    TIM_ETRConfig                            0x0800391b   Thumb Code    28  stm32f4xx_tim.o(.text)
    TIM_ETRClockMode1Config                  0x08003937   Thumb Code    54  stm32f4xx_tim.o(.text)
    TIM_ETRClockMode2Config                  0x0800396d   Thumb Code    32  stm32f4xx_tim.o(.text)
    TIM_SelectOutputTrigger                  0x0800398d   Thumb Code    18  stm32f4xx_tim.o(.text)
    TIM_SelectSlaveMode                      0x0800399f   Thumb Code    18  stm32f4xx_tim.o(.text)
    TIM_SelectMasterSlaveMode                0x080039b1   Thumb Code    18  stm32f4xx_tim.o(.text)
    TIM_EncoderInterfaceConfig               0x080039c3   Thumb Code    66  stm32f4xx_tim.o(.text)
    TIM_SelectHallSensor                     0x08003a05   Thumb Code    24  stm32f4xx_tim.o(.text)
    TIM_RemapConfig                          0x08003a1d   Thumb Code     6  stm32f4xx_tim.o(.text)
    arm_pid_init_f32                         0x08003a23   Thumb Code    56  arm_pid_init_f32.o(.text)
    arm_pid_reset_f32                        0x08003a5b   Thumb Code    10  arm_pid_reset_f32.o(.text)
    __aeabi_f2d                              0x08003a65   Thumb Code    38  f2d.o(.text)
    __aeabi_cdrcmple                         0x08003a8d   Thumb Code    38  cdrcmple.o(.text)
    __aeabi_uidiv                            0x08003ab5   Thumb Code     0  uidiv.o(.text)
    __aeabi_uidivmod                         0x08003ab5   Thumb Code    44  uidiv.o(.text)
    __aeabi_uldivmod                         0x08003ae1   Thumb Code    98  uldiv.o(.text)
    __I$use$fp                               0x08003b43   Thumb Code     0  iusefp.o(.text)
    __aeabi_dadd                             0x08003b43   Thumb Code   322  dadd.o(.text)
    __aeabi_dsub                             0x08003c85   Thumb Code     6  dadd.o(.text)
    __aeabi_drsub                            0x08003c8b   Thumb Code     6  dadd.o(.text)
    __aeabi_dmul                             0x08003c91   Thumb Code   228  dmul.o(.text)
    __aeabi_ddiv                             0x08003d75   Thumb Code   222  ddiv.o(.text)
    __aeabi_d2ulz                            0x08003e53   Thumb Code    48  dfixul.o(.text)
    __aeabi_d2f                              0x08003e83   Thumb Code    56  d2f.o(.text)
    __scatterload                            0x08003ebd   Thumb Code    28  init.o(.text)
    __scatterload_rt2                        0x08003ebd   Thumb Code     0  init.o(.text)
    __aeabi_llsl                             0x08003ee1   Thumb Code    30  llshl.o(.text)
    _ll_shift_l                              0x08003ee1   Thumb Code     0  llshl.o(.text)
    __aeabi_llsr                             0x08003eff   Thumb Code    32  llushr.o(.text)
    _ll_ushift_r                             0x08003eff   Thumb Code     0  llushr.o(.text)
    __aeabi_lasr                             0x08003f1f   Thumb Code    36  llsshr.o(.text)
    _ll_sshift_r                             0x08003f1f   Thumb Code     0  llsshr.o(.text)
    _float_round                             0x08003f43   Thumb Code    18  fepilogue.o(.text)
    _float_epilogue                          0x08003f55   Thumb Code    92  fepilogue.o(.text)
    _double_round                            0x08003fb1   Thumb Code    26  depilogue.o(.text)
    _double_epilogue                         0x08003fcb   Thumb Code   156  depilogue.o(.text)
    __0printf                                0x08004069   Thumb Code    22  printfa.o(i.__0printf)
    __1printf                                0x08004069   Thumb Code     0  printfa.o(i.__0printf)
    __2printf                                0x08004069   Thumb Code     0  printfa.o(i.__0printf)
    __c89printf                              0x08004069   Thumb Code     0  printfa.o(i.__0printf)
    printf                                   0x08004069   Thumb Code     0  printfa.o(i.__0printf)
    __ARM_fpclassifyf                        0x08004089   Thumb Code    38  fpclassifyf.o(i.__ARM_fpclassifyf)
    __hardfp_atan2f                          0x080040b1   Thumb Code   498  atan2f.o(i.__hardfp_atan2f)
    __hardfp_copysignf                       0x080042fd   Thumb Code    18  copysignf.o(i.__hardfp_copysignf)
    __hardfp_fabs                            0x0800430f   Thumb Code    20  fabs.o(i.__hardfp_fabs)
    __hardfp_powf                            0x08004329   Thumb Code  1542  powf.o(i.__hardfp_powf)
    __mathlib_powf                           0x08004329   Thumb Code     0  powf.o(i.__hardfp_powf)
    __hardfp_sqrtf                           0x08004955   Thumb Code    58  sqrtf_full.o(i.__hardfp_sqrtf)
    __mathlib_flt_underflow                  0x08004991   Thumb Code    10  funder.o(i.__mathlib_flt_underflow)
    __scatterload_copy                       0x080049a1   Thumb Code    14  handlers.o(i.__scatterload_copy)
    __scatterload_null                       0x080049af   Thumb Code     2  handlers.o(i.__scatterload_null)
    __scatterload_zeroinit                   0x080049b1   Thumb Code    14  handlers.o(i.__scatterload_zeroinit)
    __set_errno                              0x080049c1   Thumb Code     6  errno.o(i.__set_errno)
    __softfp_copysignf                       0x0800525f   Thumb Code     0  copysignf.o(i.copysignf)
    copysignf                                0x0800525f   Thumb Code    16  copysignf.o(i.copysignf)
    Region$$Table$$Base                      0x080053b0   Number         0  anon$$obj.o(Region$$Table)
    Region$$Table$$Limit                     0x080053d0   Number         0  anon$$obj.o(Region$$Table)
    SystemCoreClock                          0x20000008   Data           4  system_stm32f4xx.o(.data)
    AHBPrescTable                            0x2000000c   Data          16  system_stm32f4xx.o(.data)
    __stdout                                 0x2000002c   Data           4  stdout.o(.data)
    __initial_sp                             0x20000888   Data           0  startup_stm32f40_41xxx.o(STACK)



==============================================================================

Memory Map of the image

  Image Entry point : 0x08000189

  Load Region LR_IROM1 (Base: 0x08000000, Size: 0x00005404, Max: 0x00100000, ABSOLUTE)

    Execution Region ER_IROM1 (Base: 0x08000000, Size: 0x000053d0, Max: 0x00100000, ABSOLUTE)

    Base Addr    Size         Type   Attr      Idx    E Section Name        Object

    0x08000000   0x00000188   Data   RO          342    RESET               startup_stm32f40_41xxx.o
    0x08000188   0x00000000   Code   RO          642  * .ARM.Collect$$$$00000000  mc_w.l(entry.o)
    0x08000188   0x00000004   Code   RO          916    .ARM.Collect$$$$00000001  mc_w.l(entry2.o)
    0x0800018c   0x00000004   Code   RO          919    .ARM.Collect$$$$00000004  mc_w.l(entry5.o)
    0x08000190   0x00000000   Code   RO          921    .ARM.Collect$$$$00000008  mc_w.l(entry7b.o)
    0x08000190   0x00000000   Code   RO          923    .ARM.Collect$$$$0000000A  mc_w.l(entry8b.o)
    0x08000190   0x00000008   Code   RO          924    .ARM.Collect$$$$0000000B  mc_w.l(entry9a.o)
    0x08000198   0x00000000   Code   RO          926    .ARM.Collect$$$$0000000D  mc_w.l(entry10a.o)
    0x08000198   0x00000000   Code   RO          928    .ARM.Collect$$$$0000000F  mc_w.l(entry11a.o)
    0x08000198   0x00000004   Code   RO          917    .ARM.Collect$$$$00002712  mc_w.l(entry2.o)
    0x0800019c   0x00000024   Code   RO            3    .text               fputc_def.o
    0x080001c0   0x0000007c   Code   RO           86    .text               main.o
    0x0800023c   0x00000690   Code   RO          187    .text               tm_stm32f4_spi.o
    0x080008cc   0x00000952   Code   RO          238    .text               lsm9ds0.o
    0x0800121e   0x00000002   PAD
    0x08001220   0x00000a10   Code   RO          260    .text               sys.o
    0x08001c30   0x00000204   Code   RO          296    .text               mc339xx.o
    0x08001e34   0x00000210   Code   RO          316    .text               system_stm32f4xx.o
    0x08002044   0x00000024   Code   RO          343    .text               startup_stm32f40_41xxx.o
    0x08002068   0x00000294   Code   RO          389    .text               stm32f4xx_gpio.o
    0x080022fc   0x00000634   Code   RO          409    .text               stm32f4xx_rcc.o
    0x08002930   0x0000044e   Code   RO          491    .text               stm32f4xx_spi.o
    0x08002d7e   0x00000002   PAD
    0x08002d80   0x00000ca2   Code   RO          511    .text               stm32f4xx_tim.o
    0x08003a22   0x00000038   Code   RO          531    .text               arm_cortexM4lf_math.lib(arm_pid_init_f32.o)
    0x08003a5a   0x0000000a   Code   RO          576    .text               arm_cortexM4lf_math.lib(arm_pid_reset_f32.o)
    0x08003a64   0x00000026   Code   RO          908    .text               mf_w.l(f2d.o)
    0x08003a8a   0x00000002   PAD
    0x08003a8c   0x00000028   Code   RO          910    .text               mf_w.l(cdrcmple.o)
    0x08003ab4   0x0000002c   Code   RO          931    .text               mc_w.l(uidiv.o)
    0x08003ae0   0x00000062   Code   RO          933    .text               mc_w.l(uldiv.o)
    0x08003b42   0x00000000   Code   RO          942    .text               mc_w.l(iusefp.o)
    0x08003b42   0x0000014e   Code   RO          943    .text               mf_w.l(dadd.o)
    0x08003c90   0x000000e4   Code   RO          945    .text               mf_w.l(dmul.o)
    0x08003d74   0x000000de   Code   RO          947    .text               mf_w.l(ddiv.o)
    0x08003e52   0x00000030   Code   RO          949    .text               mf_w.l(dfixul.o)
    0x08003e82   0x00000038   Code   RO          951    .text               mf_w.l(d2f.o)
    0x08003eba   0x00000002   PAD
    0x08003ebc   0x00000024   Code   RO          955    .text               mc_w.l(init.o)
    0x08003ee0   0x0000001e   Code   RO          957    .text               mc_w.l(llshl.o)
    0x08003efe   0x00000020   Code   RO          959    .text               mc_w.l(llushr.o)
    0x08003f1e   0x00000024   Code   RO          961    .text               mc_w.l(llsshr.o)
    0x08003f42   0x0000006e   Code   RO          963    .text               mf_w.l(fepilogue.o)
    0x08003fb0   0x000000b6   Code   RO          965    .text               mf_w.l(depilogue.o)
    0x08004066   0x00000002   PAD
    0x08004068   0x00000020   Code   RO          880    i.__0printf         mc_w.l(printfa.o)
    0x08004088   0x00000026   Code   RO          912    i.__ARM_fpclassifyf  m_wm.l(fpclassifyf.o)
    0x080040ae   0x00000002   PAD
    0x080040b0   0x0000024c   Code   RO          594    i.__hardfp_atan2f   m_wm.l(atan2f.o)
    0x080042fc   0x00000012   Code   RO          626    i.__hardfp_copysignf  m_wm.l(copysignf.o)
    0x0800430e   0x00000014   Code   RO          606    i.__hardfp_fabs     m_wm.l(fabs.o)
    0x08004322   0x00000006   PAD
    0x08004328   0x0000062c   Code   RO          612    i.__hardfp_powf     m_wm.l(powf.o)
    0x08004954   0x0000003a   Code   RO          630    i.__hardfp_sqrtf    m_wm.l(sqrtf_full.o)
    0x0800498e   0x00000002   PAD
    0x08004990   0x00000010   Code   RO          914    i.__mathlib_flt_underflow  m_wm.l(funder.o)
    0x080049a0   0x0000000e   Code   RO          969    i.__scatterload_copy  mc_w.l(handlers.o)
    0x080049ae   0x00000002   Code   RO          970    i.__scatterload_null  mc_w.l(handlers.o)
    0x080049b0   0x0000000e   Code   RO          971    i.__scatterload_zeroinit  mc_w.l(handlers.o)
    0x080049be   0x00000002   PAD
    0x080049c0   0x0000000c   Code   RO          937    i.__set_errno       mc_w.l(errno.o)
    0x080049cc   0x00000164   Code   RO          887    i._fp_digits        mc_w.l(printfa.o)
    0x08004b30   0x000006dc   Code   RO          888    i._printf_core      mc_w.l(printfa.o)
    0x0800520c   0x00000024   Code   RO          889    i._printf_post_padding  mc_w.l(printfa.o)
    0x08005230   0x0000002e   Code   RO          890    i._printf_pre_padding  mc_w.l(printfa.o)
    0x0800525e   0x00000010   Code   RO          628    i.copysignf         m_wm.l(copysignf.o)
    0x0800526e   0x00000002   PAD
    0x08005270   0x00000140   Data   RO          615    .constdata          m_wm.l(powf.o)
    0x080053b0   0x00000020   Data   RO          967    Region$$Table       anon$$obj.o


    Execution Region RW_IRAM1 (Base: 0x20000000, Size: 0x00000888, Max: 0x00020000, ABSOLUTE)

    Base Addr    Size         Type   Attr      Idx    E Section Name        Object

    0x20000000   0x00000006   Data   RW          239    .data               lsm9ds0.o
    0x20000006   0x00000002   PAD
    0x20000008   0x00000014   Data   RW          317    .data               system_stm32f4xx.o
    0x2000001c   0x00000010   Data   RW          410    .data               stm32f4xx_rcc.o
    0x2000002c   0x00000004   Data   RW          930    .data               mc_w.l(stdout.o)
    0x20000030   0x00000004   Data   RW          938    .data               mc_w.l(errno.o)
    0x20000034   0x00000450   Zero   RW          261    .bss                sys.o
    0x20000484   0x00000004   PAD
    0x20000488   0x00000400   Zero   RW          340    STACK               startup_stm32f40_41xxx.o


==============================================================================

Image component sizes


      Code (inc. data)   RO Data    RW Data    ZI Data      Debug   Object Name

        36          6          0          0          0      56260   fputc_def.o
      2386         58          0          6          0       9428   lsm9ds0.o
       124         12          0          0          0     279746   main.o
       516         12          0          0          0       1213   mc339xx.o
        36          8        392          0       1024        892   startup_stm32f40_41xxx.o
       660         44          0          0          0       4301   stm32f4xx_gpio.o
      1588         52          0         16          0      12950   stm32f4xx_rcc.o
      1102         32          0          0          0       7069   stm32f4xx_spi.o
      3234         60          0          0          0      22504   stm32f4xx_tim.o
      2576        208          0          0       1104      20377   sys.o
       528         46          0         20          0       2047   system_stm32f4xx.o
      1680         78          0          0          0       4336   tm_stm32f4_spi.o

    ----------------------------------------------------------------------
     14470        616        424         44       2132     421123   Object Totals
         0          0         32          0          0          0   (incl. Generated)
         4          0          0          2          4          0   (incl. Padding)

    ----------------------------------------------------------------------

      Code (inc. data)   RO Data    RW Data    ZI Data      Debug   Library Member Name

        56          0          0          0          0      15975   arm_pid_init_f32.o
        10          0          0          0          0        516   arm_pid_reset_f32.o
       588         90          0          0          0        176   atan2f.o
        34          0          0          0          0        240   copysignf.o
        20          0          0          0          0        124   fabs.o
        38          0          0          0          0        116   fpclassifyf.o
        16          6          0          0          0        116   funder.o
      1580        126        320          0          0        340   powf.o
        58          0          0          0          0        136   sqrtf_full.o
         0          0          0          0          0          0   entry.o
         0          0          0          0          0          0   entry10a.o
         0          0          0          0          0          0   entry11a.o
         8          4          0          0          0          0   entry2.o
         4          0          0          0          0          0   entry5.o
         0          0          0          0          0          0   entry7b.o
         0          0          0          0          0          0   entry8b.o
         8          4          0          0          0          0   entry9a.o
        12          6          0          4          0         68   errno.o
        30          0          0          0          0          0   handlers.o
        36          8          0          0          0         68   init.o
         0          0          0          0          0          0   iusefp.o
        30          0          0          0          0         68   llshl.o
        36          0          0          0          0         68   llsshr.o
        32          0          0          0          0         68   llushr.o
      2226         90          0          0          0        444   printfa.o
         0          0          0          4          0          0   stdout.o
        44          0          0          0          0         80   uidiv.o
        98          0          0          0          0         92   uldiv.o
        40          2          0          0          0         68   cdrcmple.o
        56          0          0          0          0         88   d2f.o
       334          0          0          0          0        148   dadd.o
       222          0          0          0          0        100   ddiv.o
       182          0          0          0          0        176   depilogue.o
        48          0          0          0          0         68   dfixul.o
       228          0          0          0          0         96   dmul.o
        38          0          0          0          0         68   f2d.o
       110          0          0          0          0        168   fepilogue.o

    ----------------------------------------------------------------------
      6242        336        320          8          0      19675   Library Totals
        20          0          0          0          0          0   (incl. Padding)

    ----------------------------------------------------------------------

      Code (inc. data)   RO Data    RW Data    ZI Data      Debug   Library Name

        66          0          0          0          0      16491   arm_cortexM4lf_math.lib
      2334        222        320          0          0       1248   m_wm.l
      2564        112          0          8          0        956   mc_w.l
      1258          2          0          0          0        980   mf_w.l

    ----------------------------------------------------------------------
      6242        336        320          8          0      19675   Library Totals

    ----------------------------------------------------------------------

==============================================================================


      Code (inc. data)   RO Data    RW Data    ZI Data      Debug   

     20712        952        744         52       2132     436966   Grand Totals
     20712        952        744         52       2132     436966   ELF Image Totals
     20712        952        744         52          0          0   ROM Totals

==============================================================================

    Total RO  Size (Code + RO Data)                21456 (  20.95kB)
    Total RW  Size (RW Data + ZI Data)              2184 (   2.13kB)
    Total ROM Size (Code + RO Data + RW Data)      21508 (  21.00kB)

==============================================================================

